#
# There is insufficient memory for the Java Runtime Environment to continue.
# Native memory allocation (malloc) failed to allocate 1233040 bytes. Error detail: Chunk::new
# Possible reasons:
#   The system is out of physical RAM or swap space
#   This process is running with CompressedOops enabled, and the Java Heap may be blocking the growth of the native heap
# Possible solutions:
#   Reduce memory load on the system
#   Increase physical memory or swap space
#   Check if swap backing store is full
#   Decrease Java heap size (-Xmx/-Xms)
#   Decrease number of Java threads
#   Decrease Java thread stack sizes (-Xss)
#   Set larger code cache with -XX:ReservedCodeCacheSize=
#   JVM is running with Zero Based Compressed Oops mode in which the Java heap is
#     placed in the first 32GB address space. The Java Heap base address is the
#     maximum limit for the native heap growth. Please use -XX:HeapBaseMinAddress
#     to set the Java Heap base and to place the Java Heap above 32GB virtual address.
# This output file may be truncated or incomplete.
#
#  Out of Memory Error (arena.cpp:162), pid=28648, tid=7140
#
# JRE version: Java(TM) SE Runtime Environment (24.0.2+12) (build 24.0.2+12-54)
# Java VM: Java HotSpot(TM) 64-Bit Server VM (24.0.2+12-54, mixed mode, sharing, tiered, compressed oops, compressed class ptrs, g1 gc, windows-amd64)
# No core dump will be written. Minidumps are not enabled by default on client versions of Windows
#

---------------  S U M M A R Y ------------

Command Line: -javaagent:C:\Program Files\JetBrains\IntelliJ IDEA Community Edition 2025.2\lib\idea_rt.jar=63253 -Dfile.encoding=UTF-8 -Dsun.stdout.encoding=UTF-8 -Dsun.stderr.encoding=UTF-8 com.topcinnamon.MyFirstApplication

Host: 13th Gen Intel(R) Core(TM) i5-1335U, 12 cores, 15G,  Windows 11 , 64 bit Build 26100 (10.0.26100.6725)
Time: Sat Oct 25 17:11:35 2025 Sri Lanka Standard Time elapsed time: 177.511355 seconds (0d 0h 2m 57s)

---------------  T H R E A D  ---------------

Current thread (0x000001bbf95a18b0):  JavaThread "C2 CompilerThread0" daemon [_thread_in_native, id=7140, stack(0x0000008a00800000,0x0000008a00900000) (1024K)]


Current CompileTask:
C2:177512 7829       4       java.lang.String::toLowerCase (29 bytes)

Stack: [0x0000008a00800000,0x0000008a00900000]
Native frames: (J=compiled Java code, j=interpreted, Vv=VM code, C=native code)
V  [jvm.dll+0x730829]  (no source info available)
V  [jvm.dll+0x8d9da3]  (no source info available)
V  [jvm.dll+0x8dc28d]  (no source info available)
V  [jvm.dll+0x8dc903]  (no source info available)
V  [jvm.dll+0x2a9f56]  (no source info available)
V  [jvm.dll+0xced7f]  (no source info available)
V  [jvm.dll+0xcefdf]  (no source info available)
V  [jvm.dll+0x154c83]  (no source info available)
V  [jvm.dll+0x73604f]  (no source info available)
V  [jvm.dll+0x26f8dc]  (no source info available)
V  [jvm.dll+0x26e8ff]  (no source info available)
V  [jvm.dll+0x1e9c90]  (no source info available)
V  [jvm.dll+0x27e0cb]  (no source info available)
V  [jvm.dll+0x27c36a]  (no source info available)
V  [jvm.dll+0x42f396]  (no source info available)
V  [jvm.dll+0x87d9eb]  (no source info available)
V  [jvm.dll+0x72ef45]  (no source info available)
C  [ucrtbase.dll+0x37b0]  (no source info available)
C  [KERNEL32.DLL+0x2e8d7]  (no source info available)
C  [ntdll.dll+0x8c53c]  (no source info available)

Lock stack of current Java thread (top to bottom):


---------------  P R O C E S S  ---------------

Threads class SMR info:
_java_thread_list=0x000001bbc900f860, length=30, elements={
0x000001bbf9596ff0, 0x000001bbf9597930, 0x000001bbf959a180, 0x000001bbf959a9f0,
0x000001bbf959b260, 0x000001bbf95a0af0, 0x000001bbf95a18b0, 0x000001bbf95a4050,
0x000001bbc5273dd0, 0x000001bbc52a53c0, 0x000001bbc540d3a0, 0x000001bbc62af670,
0x000001bbc62b0510, 0x000001bbc62b0c60, 0x000001bbc73b1920, 0x000001bbc73b11d0,
0x000001bbc73b2f10, 0x000001bbc73b0a80, 0x000001bbc73b0330, 0x000001bbc73b3db0,
0x000001bbc73b6990, 0x000001bbc73b5af0, 0x000001bbc73b70e0, 0x000001bbc73b53a0,
0x000001bbc73b6240, 0x000001bbc73b4500, 0x000001bbc73b4c50, 0x000001bbc62b29a0,
0x000001bbcab45e70, 0x000001bbcab44130
}

Java Threads: ( => current thread )
  0x000001bbf9596ff0 JavaThread "Reference Handler"          daemon [_thread_blocked, id=34976, stack(0x0000008a00200000,0x0000008a00300000) (1024K)]
  0x000001bbf9597930 JavaThread "Finalizer"                  daemon [_thread_blocked, id=54052, stack(0x0000008a00300000,0x0000008a00400000) (1024K)]
  0x000001bbf959a180 JavaThread "Signal Dispatcher"          daemon [_thread_blocked, id=24032, stack(0x0000008a00400000,0x0000008a00500000) (1024K)]
  0x000001bbf959a9f0 JavaThread "Attach Listener"            daemon [_thread_blocked, id=15788, stack(0x0000008a00500000,0x0000008a00600000) (1024K)]
  0x000001bbf959b260 JavaThread "Service Thread"             daemon [_thread_blocked, id=33676, stack(0x0000008a00600000,0x0000008a00700000) (1024K)]
  0x000001bbf95a0af0 JavaThread "Monitor Deflation Thread"   daemon [_thread_blocked, id=34128, stack(0x0000008a00700000,0x0000008a00800000) (1024K)]
=>0x000001bbf95a18b0 JavaThread "C2 CompilerThread0"         daemon [_thread_in_native, id=7140, stack(0x0000008a00800000,0x0000008a00900000) (1024K)]
  0x000001bbf95a4050 JavaThread "C1 CompilerThread0"         daemon [_thread_blocked, id=27740, stack(0x0000008a00900000,0x0000008a00a00000) (1024K)]
  0x000001bbc5273dd0 JavaThread "Common-Cleaner"             daemon [_thread_blocked, id=57052, stack(0x0000008a00b00000,0x0000008a00c00000) (1024K)]
  0x000001bbc52a53c0 JavaThread "Monitor Ctrl-Break"         daemon [_thread_in_native, id=38492, stack(0x0000008a00c00000,0x0000008a00d00000) (1024K)]
  0x000001bbc540d3a0 JavaThread "Notification Thread"        daemon [_thread_blocked, id=42368, stack(0x0000008a00d00000,0x0000008a00e00000) (1024K)]
  0x000001bbc62af670 JavaThread "Catalina-utility-1"                [_thread_blocked, id=47992, stack(0x0000008a01a00000,0x0000008a01b00000) (1024K)]
  0x000001bbc62b0510 JavaThread "Catalina-utility-2"                [_thread_blocked, id=23908, stack(0x0000008a01b00000,0x0000008a01c00000) (1024K)]
  0x000001bbc62b0c60 JavaThread "container-0"                       [_thread_blocked, id=57020, stack(0x0000008a01c00000,0x0000008a01d00000) (1024K)]
  0x000001bbc73b1920 JavaThread "mysql-cj-abandoned-connection-cleanup" daemon [_thread_blocked, id=55972, stack(0x0000008a01d00000,0x0000008a01e00000) (1024K)]
  0x000001bbc73b11d0 JavaThread "HikariPool-1:housekeeper"   daemon [_thread_blocked, id=60012, stack(0x0000008a01f00000,0x0000008a02000000) (1024K)]
  0x000001bbc73b2f10 JavaThread "http-nio-8082-exec-1"       daemon [_thread_blocked, id=30580, stack(0x0000008a02100000,0x0000008a02200000) (1024K)]
  0x000001bbc73b0a80 JavaThread "http-nio-8082-exec-2"       daemon [_thread_blocked, id=39340, stack(0x0000008a02200000,0x0000008a02300000) (1024K)]
  0x000001bbc73b0330 JavaThread "http-nio-8082-exec-3"       daemon [_thread_blocked, id=33756, stack(0x0000008a02300000,0x0000008a02400000) (1024K)]
  0x000001bbc73b3db0 JavaThread "http-nio-8082-exec-4"       daemon [_thread_blocked, id=55968, stack(0x0000008a02400000,0x0000008a02500000) (1024K)]
  0x000001bbc73b6990 JavaThread "http-nio-8082-exec-5"       daemon [_thread_blocked, id=58456, stack(0x0000008a02500000,0x0000008a02600000) (1024K)]
  0x000001bbc73b5af0 JavaThread "http-nio-8082-exec-6"       daemon [_thread_blocked, id=29112, stack(0x0000008a02600000,0x0000008a02700000) (1024K)]
  0x000001bbc73b70e0 JavaThread "http-nio-8082-exec-7"       daemon [_thread_blocked, id=58052, stack(0x0000008a02700000,0x0000008a02800000) (1024K)]
  0x000001bbc73b53a0 JavaThread "http-nio-8082-exec-8"       daemon [_thread_blocked, id=57496, stack(0x0000008a02800000,0x0000008a02900000) (1024K)]
  0x000001bbc73b6240 JavaThread "http-nio-8082-exec-9"       daemon [_thread_blocked, id=53668, stack(0x0000008a02900000,0x0000008a02a00000) (1024K)]
  0x000001bbc73b4500 JavaThread "http-nio-8082-exec-10"      daemon [_thread_blocked, id=11452, stack(0x0000008a02a00000,0x0000008a02b00000) (1024K)]
  0x000001bbc73b4c50 JavaThread "http-nio-8082-Poller"       daemon [_thread_in_native, id=6760, stack(0x0000008a02b00000,0x0000008a02c00000) (1024K)]
  0x000001bbc62b29a0 JavaThread "http-nio-8082-Acceptor"     daemon [_thread_in_native, id=58084, stack(0x0000008a02c00000,0x0000008a02d00000) (1024K)]
  0x000001bbcab45e70 JavaThread "scheduling-1"                      [_thread_blocked, id=52664, stack(0x0000008a02d00000,0x0000008a02e00000) (1024K)]
  0x000001bbcab44130 JavaThread "DestroyJavaVM"                     [_thread_blocked, id=27548, stack(0x0000008a7fa00000,0x0000008a7fb00000) (1024K)]
Total: 30

Other Threads:
  0x000001bbf9453560 VMThread "VM Thread"                           [id=35348, stack(0x0000008a00100000,0x0000008a00200000) (1024K)]
  0x000001bbf957c5f0 WatcherThread "VM Periodic Task Thread"        [id=51004, stack(0x0000008a00000000,0x0000008a00100000) (1024K)]
  0x000001bbdc6fb710 WorkerThread "GC Thread#0"                     [id=57140, stack(0x0000008a7fb00000,0x0000008a7fc00000) (1024K)]
  0x000001bbf9454070 WorkerThread "GC Thread#1"                     [id=43164, stack(0x0000008a00f00000,0x0000008a01000000) (1024K)]
  0x000001bbf9454420 WorkerThread "GC Thread#2"                     [id=32456, stack(0x0000008a01000000,0x0000008a01100000) (1024K)]
  0x000001bbc630b020 WorkerThread "GC Thread#3"                     [id=59356, stack(0x0000008a01100000,0x0000008a01200000) (1024K)]
  0x000001bbc630bb30 WorkerThread "GC Thread#4"                     [id=21628, stack(0x0000008a01200000,0x0000008a01300000) (1024K)]
  0x000001bbc630b3d0 WorkerThread "GC Thread#5"                     [id=29472, stack(0x0000008a01300000,0x0000008a01400000) (1024K)]
  0x000001bbc630c290 WorkerThread "GC Thread#6"                     [id=32464, stack(0x0000008a01500000,0x0000008a01600000) (1024K)]
  0x000001bbc630c640 WorkerThread "GC Thread#7"                     [id=45900, stack(0x0000008a01600000,0x0000008a01700000) (1024K)]
  0x000001bbc630c9f0 WorkerThread "GC Thread#8"                     [id=25824, stack(0x0000008a01700000,0x0000008a01800000) (1024K)]
  0x000001bbc6bcc930 WorkerThread "GC Thread#9"                     [id=59624, stack(0x0000008a00e00000,0x0000008a00f00000) (1024K)]
  0x000001bbdc70c8d0 ConcurrentGCThread "G1 Main Marker"            [id=22680, stack(0x0000008a7fc00000,0x0000008a7fd00000) (1024K)]
  0x000001bbdc70f650 WorkerThread "G1 Conc#0"                       [id=53672, stack(0x0000008a7fd00000,0x0000008a7fe00000) (1024K)]
  0x000001bbc6bca800 WorkerThread "G1 Conc#1"                       [id=27732, stack(0x0000008a01800000,0x0000008a01900000) (1024K)]
  0x000001bbc6bcb310 WorkerThread "G1 Conc#2"                       [id=42180, stack(0x0000008a01900000,0x0000008a01a00000) (1024K)]
  0x000001bbdc74e700 ConcurrentGCThread "G1 Refine#0"               [id=31808, stack(0x0000008a7fe00000,0x0000008a7ff00000) (1024K)]
  0x000001bbf9446080 ConcurrentGCThread "G1 Service"                [id=42528, stack(0x0000008a7ff00000,0x0000008a80000000) (1024K)]
Total: 18

Threads with active compile tasks:
C2 CompilerThread0  178720 7829       4       java.lang.String::toLowerCase (29 bytes)
Total: 1

VM state: not at safepoint (normal execution)

VM Mutex/Monitor currently owned by a thread: None

Heap address: 0x0000000706000000, size: 4000 MB, Compressed Oops mode: Zero based, Oop shift amount: 3

CDS archive(s) mapped at: [0x000001bb80000000-0x000001bb80d40000-0x000001bb80d40000), size 13893632, SharedBaseAddress: 0x000001bb80000000, ArchiveRelocationMode: 1.
Compressed class space mapped at: 0x000001bb81000000-0x000001bbc1000000, reserved size: 1073741824
UseCompressedClassPointers 1, UseCompactObjectHeaders 0
Narrow klass pointer bits 32, Max shift 3
Narrow klass base: 0x000001bb80000000, Narrow klass shift: 0
Encoding Range: [0x000001bb80000000 - 0x000001bc80000000), (4294967296 bytes)
Klass Range:    [0x000001bb80000000 - 0x000001bbc1000000), (1090519040 bytes)
Klass ID Range:  [8 - 1090519033) (1090519025)

GC Precious Log:
 CardTable entry size: 512
 Card Set container configuration: InlinePtr #cards 4 size 8 Array Of Cards #cards 16 size 48 Howl #buckets 8 coarsen threshold 3686 Howl Bitmap #cards 512 size 80 coarsen threshold 460 Card regions per heap region 1 cards per card region 4096
 CPUs: 12 total, 12 available
 Memory: 15997M
 Large Page Support: Disabled
 NUMA Support: Disabled
 Compressed Oops: Enabled (Zero based)
 Heap Region Size: 2M
 Heap Min Capacity: 8M
 Heap Initial Capacity: 250M
 Heap Max Capacity: 4000M
 Pre-touch: Disabled
 Parallel Workers: 10
 Concurrent Workers: 3
 Concurrent Refinement Workers: 10
 Periodic GC: Disabled

Heap:
 garbage-first heap   total reserved 4096000K, committed 315392K, used 160406K [0x0000000706000000, 0x0000000800000000)
  region size 2048K, 24 young (49152K), 10 survivors (20480K)
 Metaspace       used 75900K, committed 76416K, reserved 1179648K
  class space    used 8674K, committed 8896K, reserved 1048576K

Heap Regions: E=young(eden), S=young(survivor), O=old, HS=humongous(starts), HC=humongous(continues), CS=collection set, F=free, TAMS=top-at-mark-start, PB=parsable bottom
|   0|0x0000000706000000, 0x0000000706200000, 0x0000000706200000|100%| O|  |TAMS 0x0000000706000000| PB 0x0000000706000000| Untracked |  0
|   1|0x0000000706200000, 0x0000000706400000, 0x0000000706400000|100%| O|  |TAMS 0x0000000706200000| PB 0x0000000706200000| Untracked |  0
|   2|0x0000000706400000, 0x0000000706600000, 0x0000000706600000|100%| O|  |TAMS 0x0000000706400000| PB 0x0000000706400000| Untracked |  0
|   3|0x0000000706600000, 0x0000000706800000, 0x0000000706800000|100%| O|  |TAMS 0x0000000706600000| PB 0x0000000706600000| Untracked |  0
|   4|0x0000000706800000, 0x0000000706a00000, 0x0000000706a00000|100%| O|  |TAMS 0x0000000706800000| PB 0x0000000706800000| Untracked |  0
|   5|0x0000000706a00000, 0x0000000706c00000, 0x0000000706c00000|100%| O|  |TAMS 0x0000000706a00000| PB 0x0000000706a00000| Untracked |  0
|   6|0x0000000706c00000, 0x0000000706e00000, 0x0000000706e00000|100%| O|  |TAMS 0x0000000706c00000| PB 0x0000000706c00000| Untracked |  0
|   7|0x0000000706e00000, 0x0000000707000000, 0x0000000707000000|100%| O|  |TAMS 0x0000000706e00000| PB 0x0000000706e00000| Untracked |  0
|   8|0x0000000707000000, 0x0000000707200000, 0x0000000707200000|100%| O|  |TAMS 0x0000000707000000| PB 0x0000000707000000| Untracked |  0
|   9|0x0000000707200000, 0x0000000707400000, 0x0000000707400000|100%| O|  |TAMS 0x0000000707200000| PB 0x0000000707200000| Untracked |  0
|  10|0x0000000707400000, 0x0000000707600000, 0x0000000707600000|100%| O|  |TAMS 0x0000000707400000| PB 0x0000000707400000| Untracked |  0
|  11|0x0000000707600000, 0x0000000707800000, 0x0000000707800000|100%| O|  |TAMS 0x0000000707600000| PB 0x0000000707600000| Untracked |  0
|  12|0x0000000707800000, 0x0000000707a00000, 0x0000000707a00000|100%| O|  |TAMS 0x0000000707800000| PB 0x0000000707800000| Untracked |  0
|  13|0x0000000707a00000, 0x0000000707c00000, 0x0000000707c00000|100%| O|  |TAMS 0x0000000707a00000| PB 0x0000000707a00000| Untracked |  0
|  14|0x0000000707c00000, 0x0000000707e00000, 0x0000000707e00000|100%| O|  |TAMS 0x0000000707c00000| PB 0x0000000707c00000| Untracked |  0
|  15|0x0000000707e00000, 0x0000000708000000, 0x0000000708000000|100%| O|  |TAMS 0x0000000707e00000| PB 0x0000000707e00000| Untracked |  0
|  16|0x0000000708000000, 0x00000007081e7500, 0x0000000708200000| 95%| O|  |TAMS 0x0000000708000000| PB 0x0000000708000000| Untracked |  0
|  17|0x0000000708200000, 0x0000000708400000, 0x0000000708400000|100%| O|  |TAMS 0x0000000708200000| PB 0x0000000708200000| Untracked |  0
|  18|0x0000000708400000, 0x0000000708600000, 0x0000000708600000|100%| O|  |TAMS 0x0000000708400000| PB 0x0000000708400000| Untracked |  0
|  19|0x0000000708600000, 0x0000000708800000, 0x0000000708800000|100%| O|  |TAMS 0x0000000708600000| PB 0x0000000708600000| Untracked |  0
|  20|0x0000000708800000, 0x0000000708a00000, 0x0000000708a00000|100%| O|  |TAMS 0x0000000708800000| PB 0x0000000708800000| Untracked |  0
|  21|0x0000000708a00000, 0x0000000708c00000, 0x0000000708c00000|100%| O|  |TAMS 0x0000000708a00000| PB 0x0000000708a00000| Untracked |  0
|  22|0x0000000708c00000, 0x0000000708e00000, 0x0000000708e00000|100%| O|  |TAMS 0x0000000708c00000| PB 0x0000000708c00000| Untracked |  0
|  23|0x0000000708e00000, 0x0000000709000000, 0x0000000709000000|100%| O|  |TAMS 0x0000000708e00000| PB 0x0000000708e00000| Untracked |  0
|  24|0x0000000709000000, 0x0000000709200000, 0x0000000709200000|100%| O|  |TAMS 0x0000000709000000| PB 0x0000000709000000| Untracked |  0
|  25|0x0000000709200000, 0x0000000709400000, 0x0000000709400000|100%| O|  |TAMS 0x0000000709200000| PB 0x0000000709200000| Untracked |  0
|  26|0x0000000709400000, 0x0000000709600000, 0x0000000709600000|100%| O|  |TAMS 0x0000000709400000| PB 0x0000000709400000| Untracked |  0
|  27|0x0000000709600000, 0x0000000709800000, 0x0000000709800000|100%| O|  |TAMS 0x0000000709600000| PB 0x0000000709600000| Untracked |  0
|  28|0x0000000709800000, 0x0000000709a00000, 0x0000000709a00000|100%| O|Cm|TAMS 0x0000000709800000| PB 0x0000000709800000| Complete |  0
|  29|0x0000000709a00000, 0x0000000709c00000, 0x0000000709c00000|100%| O|  |TAMS 0x0000000709a00000| PB 0x0000000709a00000| Untracked |  0
|  30|0x0000000709c00000, 0x0000000709e00000, 0x0000000709e00000|100%| O|  |TAMS 0x0000000709c00000| PB 0x0000000709c00000| Untracked |  0
|  31|0x0000000709e00000, 0x000000070a000000, 0x000000070a000000|100%| O|Cm|TAMS 0x0000000709e00000| PB 0x0000000709e00000| Complete |  0
|  32|0x000000070a000000, 0x000000070a200000, 0x000000070a200000|100%| O|Cm|TAMS 0x000000070a000000| PB 0x000000070a000000| Complete |  0
|  33|0x000000070a200000, 0x000000070a400000, 0x000000070a400000|100%| O|  |TAMS 0x000000070a200000| PB 0x000000070a200000| Untracked |  0
|  34|0x000000070a400000, 0x000000070a600000, 0x000000070a600000|100%| O|  |TAMS 0x000000070a400000| PB 0x000000070a400000| Untracked |  0
|  35|0x000000070a600000, 0x000000070a800000, 0x000000070a800000|100%| O|  |TAMS 0x000000070a600000| PB 0x000000070a600000| Untracked |  0
|  36|0x000000070a800000, 0x000000070aa00000, 0x000000070aa00000|100%| O|  |TAMS 0x000000070a800000| PB 0x000000070a800000| Untracked |  0
|  37|0x000000070aa00000, 0x000000070ac00000, 0x000000070ac00000|100%| O|Cm|TAMS 0x000000070aa00000| PB 0x000000070aa00000| Complete |  0
|  38|0x000000070ac00000, 0x000000070ae00000, 0x000000070ae00000|100%| O|Cm|TAMS 0x000000070ac00000| PB 0x000000070ac00000| Complete |  0
|  39|0x000000070ae00000, 0x000000070b000000, 0x000000070b000000|100%| O|  |TAMS 0x000000070ae00000| PB 0x000000070ae00000| Untracked |  0
|  40|0x000000070b000000, 0x000000070b200000, 0x000000070b200000|100%| O|  |TAMS 0x000000070b000000| PB 0x000000070b000000| Untracked |  0
|  41|0x000000070b200000, 0x000000070b400000, 0x000000070b400000|100%| O|  |TAMS 0x000000070b200000| PB 0x000000070b200000| Untracked |  0
|  42|0x000000070b400000, 0x000000070b600000, 0x000000070b600000|100%| O|  |TAMS 0x000000070b400000| PB 0x000000070b400000| Untracked |  0
|  43|0x000000070b600000, 0x000000070b800000, 0x000000070b800000|100%| O|  |TAMS 0x000000070b600000| PB 0x000000070b600000| Untracked |  0
|  44|0x000000070b800000, 0x000000070ba00000, 0x000000070ba00000|100%| O|  |TAMS 0x000000070b800000| PB 0x000000070b800000| Untracked |  0
|  45|0x000000070ba00000, 0x000000070bc00000, 0x000000070bc00000|100%| O|  |TAMS 0x000000070ba00000| PB 0x000000070ba00000| Untracked |  0
|  46|0x000000070bc00000, 0x000000070be00000, 0x000000070be00000|100%| O|  |TAMS 0x000000070bc00000| PB 0x000000070bc00000| Untracked |  0
|  47|0x000000070be00000, 0x000000070c000000, 0x000000070c000000|100%|HS|  |TAMS 0x000000070be00000| PB 0x000000070be00000| Complete |  0
|  48|0x000000070c000000, 0x000000070c200000, 0x000000070c200000|100%| O|  |TAMS 0x000000070c000000| PB 0x000000070c000000| Untracked |  0
|  49|0x000000070c200000, 0x000000070c33e650, 0x000000070c400000| 62%| O|  |TAMS 0x000000070c200000| PB 0x000000070c200000| Untracked |  0
|  50|0x000000070c400000, 0x000000070c600000, 0x000000070c600000|100%| O|  |TAMS 0x000000070c400000| PB 0x000000070c400000| Untracked |  0
|  51|0x000000070c600000, 0x000000070c800000, 0x000000070c800000|100%| O|  |TAMS 0x000000070c600000| PB 0x000000070c600000| Untracked |  0
|  52|0x000000070c800000, 0x000000070ca00000, 0x000000070ca00000|100%| O|  |TAMS 0x000000070c800000| PB 0x000000070c800000| Untracked |  0
|  53|0x000000070ca00000, 0x000000070cc00000, 0x000000070cc00000|100%| O|  |TAMS 0x000000070ca00000| PB 0x000000070ca00000| Untracked |  0
|  54|0x000000070cc00000, 0x000000070ce00000, 0x000000070ce00000|100%| O|  |TAMS 0x000000070cc00000| PB 0x000000070cc00000| Untracked |  0
|  55|0x000000070ce00000, 0x000000070cf7ff00, 0x000000070d000000| 74%| O|  |TAMS 0x000000070ce00000| PB 0x000000070ce00000| Untracked |  0
|  56|0x000000070d000000, 0x000000070d000000, 0x000000070d200000|  0%| F|  |TAMS 0x000000070d000000| PB 0x000000070d000000| Untracked |  0
|  57|0x000000070d200000, 0x000000070d200000, 0x000000070d400000|  0%| F|  |TAMS 0x000000070d200000| PB 0x000000070d200000| Untracked |  0
|  58|0x000000070d400000, 0x000000070d400000, 0x000000070d600000|  0%| F|  |TAMS 0x000000070d400000| PB 0x000000070d400000| Untracked |  0
|  59|0x000000070d600000, 0x000000070d600000, 0x000000070d800000|  0%| F|  |TAMS 0x000000070d600000| PB 0x000000070d600000| Untracked |  0
|  60|0x000000070d800000, 0x000000070d800000, 0x000000070da00000|  0%| F|  |TAMS 0x000000070d800000| PB 0x000000070d800000| Untracked |  0
|  61|0x000000070da00000, 0x000000070da00000, 0x000000070dc00000|  0%| F|  |TAMS 0x000000070da00000| PB 0x000000070da00000| Untracked |  0
|  62|0x000000070dc00000, 0x000000070dc00000, 0x000000070de00000|  0%| F|  |TAMS 0x000000070dc00000| PB 0x000000070dc00000| Untracked |  0
|  63|0x000000070de00000, 0x000000070de00000, 0x000000070e000000|  0%| F|  |TAMS 0x000000070de00000| PB 0x000000070de00000| Untracked |  0
|  64|0x000000070e000000, 0x000000070e000000, 0x000000070e200000|  0%| F|  |TAMS 0x000000070e000000| PB 0x000000070e000000| Untracked |  0
|  65|0x000000070e200000, 0x000000070e200000, 0x000000070e400000|  0%| F|  |TAMS 0x000000070e200000| PB 0x000000070e200000| Untracked |  0
|  66|0x000000070e400000, 0x000000070e400000, 0x000000070e600000|  0%| F|  |TAMS 0x000000070e400000| PB 0x000000070e400000| Untracked |  0
|  67|0x000000070e600000, 0x000000070e600000, 0x000000070e800000|  0%| F|  |TAMS 0x000000070e600000| PB 0x000000070e600000| Untracked |  0
|  68|0x000000070e800000, 0x000000070e800000, 0x000000070ea00000|  0%| F|  |TAMS 0x000000070e800000| PB 0x000000070e800000| Untracked |  0
|  69|0x000000070ea00000, 0x000000070ea00000, 0x000000070ec00000|  0%| F|  |TAMS 0x000000070ea00000| PB 0x000000070ea00000| Untracked |  0
|  70|0x000000070ec00000, 0x000000070ec00000, 0x000000070ee00000|  0%| F|  |TAMS 0x000000070ec00000| PB 0x000000070ec00000| Untracked |  0
|  71|0x000000070ee00000, 0x000000070f000000, 0x000000070f000000|100%| S|CS|TAMS 0x000000070ee00000| PB 0x000000070ee00000| Complete |  0
|  72|0x000000070f000000, 0x000000070f200000, 0x000000070f200000|100%| S|CS|TAMS 0x000000070f000000| PB 0x000000070f000000| Complete |  0
|  73|0x000000070f200000, 0x000000070f400000, 0x000000070f400000|100%| S|CS|TAMS 0x000000070f200000| PB 0x000000070f200000| Complete |  0
|  74|0x000000070f400000, 0x000000070f600000, 0x000000070f600000|100%| S|CS|TAMS 0x000000070f400000| PB 0x000000070f400000| Complete |  0
|  75|0x000000070f600000, 0x000000070f800000, 0x000000070f800000|100%| S|CS|TAMS 0x000000070f600000| PB 0x000000070f600000| Complete |  0
|  76|0x000000070f800000, 0x000000070fa00000, 0x000000070fa00000|100%| S|CS|TAMS 0x000000070f800000| PB 0x000000070f800000| Complete |  0
|  77|0x000000070fa00000, 0x000000070fc00000, 0x000000070fc00000|100%| S|CS|TAMS 0x000000070fa00000| PB 0x000000070fa00000| Complete |  0
|  78|0x000000070fc00000, 0x000000070fe00000, 0x000000070fe00000|100%| S|CS|TAMS 0x000000070fc00000| PB 0x000000070fc00000| Complete |  0
|  79|0x000000070fe00000, 0x0000000710000000, 0x0000000710000000|100%| S|CS|TAMS 0x000000070fe00000| PB 0x000000070fe00000| Complete |  0
|  80|0x0000000710000000, 0x0000000710200000, 0x0000000710200000|100%| S|CS|TAMS 0x0000000710000000| PB 0x0000000710000000| Complete |  0
|  81|0x0000000710200000, 0x0000000710200000, 0x0000000710400000|  0%| F|  |TAMS 0x0000000710200000| PB 0x0000000710200000| Untracked |  0
|  82|0x0000000710400000, 0x0000000710400000, 0x0000000710600000|  0%| F|  |TAMS 0x0000000710400000| PB 0x0000000710400000| Untracked |  0
|  83|0x0000000710600000, 0x0000000710600000, 0x0000000710800000|  0%| F|  |TAMS 0x0000000710600000| PB 0x0000000710600000| Untracked |  0
|  84|0x0000000710800000, 0x0000000710800000, 0x0000000710a00000|  0%| F|  |TAMS 0x0000000710800000| PB 0x0000000710800000| Untracked |  0
|  85|0x0000000710a00000, 0x0000000710a00000, 0x0000000710c00000|  0%| F|  |TAMS 0x0000000710a00000| PB 0x0000000710a00000| Untracked |  0
|  86|0x0000000710c00000, 0x0000000710c00000, 0x0000000710e00000|  0%| F|  |TAMS 0x0000000710c00000| PB 0x0000000710c00000| Untracked |  0
|  87|0x0000000710e00000, 0x0000000710e00000, 0x0000000711000000|  0%| F|  |TAMS 0x0000000710e00000| PB 0x0000000710e00000| Untracked |  0
|  88|0x0000000711000000, 0x0000000711000000, 0x0000000711200000|  0%| F|  |TAMS 0x0000000711000000| PB 0x0000000711000000| Untracked |  0
|  89|0x0000000711200000, 0x0000000711200000, 0x0000000711400000|  0%| F|  |TAMS 0x0000000711200000| PB 0x0000000711200000| Untracked |  0
|  90|0x0000000711400000, 0x0000000711400000, 0x0000000711600000|  0%| F|  |TAMS 0x0000000711400000| PB 0x0000000711400000| Untracked |  0
|  91|0x0000000711600000, 0x0000000711600000, 0x0000000711800000|  0%| F|  |TAMS 0x0000000711600000| PB 0x0000000711600000| Untracked |  0
|  92|0x0000000711800000, 0x0000000711800000, 0x0000000711a00000|  0%| F|  |TAMS 0x0000000711800000| PB 0x0000000711800000| Untracked |  0
|  93|0x0000000711a00000, 0x0000000711a00000, 0x0000000711c00000|  0%| F|  |TAMS 0x0000000711a00000| PB 0x0000000711a00000| Untracked |  0
|  94|0x0000000711c00000, 0x0000000711c00000, 0x0000000711e00000|  0%| F|  |TAMS 0x0000000711c00000| PB 0x0000000711c00000| Untracked |  0
|  95|0x0000000711e00000, 0x0000000711e00000, 0x0000000712000000|  0%| F|  |TAMS 0x0000000711e00000| PB 0x0000000711e00000| Untracked |  0
|  96|0x0000000712000000, 0x0000000712000000, 0x0000000712200000|  0%| F|  |TAMS 0x0000000712000000| PB 0x0000000712000000| Untracked |  0
|  97|0x0000000712200000, 0x0000000712200000, 0x0000000712400000|  0%| F|  |TAMS 0x0000000712200000| PB 0x0000000712200000| Untracked |  0
|  98|0x0000000712400000, 0x0000000712400000, 0x0000000712600000|  0%| F|  |TAMS 0x0000000712400000| PB 0x0000000712400000| Untracked |  0
|  99|0x0000000712600000, 0x0000000712600000, 0x0000000712800000|  0%| F|  |TAMS 0x0000000712600000| PB 0x0000000712600000| Untracked |  0
| 100|0x0000000712800000, 0x0000000712800000, 0x0000000712a00000|  0%| F|  |TAMS 0x0000000712800000| PB 0x0000000712800000| Untracked |  0
| 101|0x0000000712a00000, 0x0000000712a00000, 0x0000000712c00000|  0%| F|  |TAMS 0x0000000712a00000| PB 0x0000000712a00000| Untracked |  0
| 102|0x0000000712c00000, 0x0000000712c00000, 0x0000000712e00000|  0%| F|  |TAMS 0x0000000712c00000| PB 0x0000000712c00000| Untracked |  0
| 103|0x0000000712e00000, 0x0000000712e00000, 0x0000000713000000|  0%| F|  |TAMS 0x0000000712e00000| PB 0x0000000712e00000| Untracked |  0
| 104|0x0000000713000000, 0x0000000713000000, 0x0000000713200000|  0%| F|  |TAMS 0x0000000713000000| PB 0x0000000713000000| Untracked |  0
| 105|0x0000000713200000, 0x0000000713200000, 0x0000000713400000|  0%| F|  |TAMS 0x0000000713200000| PB 0x0000000713200000| Untracked |  0
| 106|0x0000000713400000, 0x0000000713400000, 0x0000000713600000|  0%| F|  |TAMS 0x0000000713400000| PB 0x0000000713400000| Untracked |  0
| 107|0x0000000713600000, 0x0000000713600000, 0x0000000713800000|  0%| F|  |TAMS 0x0000000713600000| PB 0x0000000713600000| Untracked |  0
| 108|0x0000000713800000, 0x0000000713800000, 0x0000000713a00000|  0%| F|  |TAMS 0x0000000713800000| PB 0x0000000713800000| Untracked |  0
| 109|0x0000000713a00000, 0x0000000713a00000, 0x0000000713c00000|  0%| F|  |TAMS 0x0000000713a00000| PB 0x0000000713a00000| Untracked |  0
| 110|0x0000000713c00000, 0x0000000713c00000, 0x0000000713e00000|  0%| F|  |TAMS 0x0000000713c00000| PB 0x0000000713c00000| Untracked |  0
| 111|0x0000000713e00000, 0x0000000713e00000, 0x0000000714000000|  0%| F|  |TAMS 0x0000000713e00000| PB 0x0000000713e00000| Untracked |  0
| 112|0x0000000714000000, 0x0000000714000000, 0x0000000714200000|  0%| F|  |TAMS 0x0000000714000000| PB 0x0000000714000000| Untracked |  0
| 113|0x0000000714200000, 0x0000000714200000, 0x0000000714400000|  0%| F|  |TAMS 0x0000000714200000| PB 0x0000000714200000| Untracked |  0
| 114|0x0000000714400000, 0x0000000714400000, 0x0000000714600000|  0%| F|  |TAMS 0x0000000714400000| PB 0x0000000714400000| Untracked |  0
| 115|0x0000000714600000, 0x0000000714600000, 0x0000000714800000|  0%| F|  |TAMS 0x0000000714600000| PB 0x0000000714600000| Untracked |  0
| 116|0x0000000714800000, 0x0000000714800000, 0x0000000714a00000|  0%| F|  |TAMS 0x0000000714800000| PB 0x0000000714800000| Untracked |  0
| 117|0x0000000714a00000, 0x0000000714a00000, 0x0000000714c00000|  0%| F|  |TAMS 0x0000000714a00000| PB 0x0000000714a00000| Untracked |  0
| 118|0x0000000714c00000, 0x0000000714c00000, 0x0000000714e00000|  0%| F|  |TAMS 0x0000000714c00000| PB 0x0000000714c00000| Untracked |  0
| 119|0x0000000714e00000, 0x0000000714e00000, 0x0000000715000000|  0%| F|  |TAMS 0x0000000714e00000| PB 0x0000000714e00000| Untracked |  0
| 120|0x0000000715000000, 0x0000000715000000, 0x0000000715200000|  0%| F|  |TAMS 0x0000000715000000| PB 0x0000000715000000| Untracked |  0
| 121|0x0000000715200000, 0x0000000715200000, 0x0000000715400000|  0%| F|  |TAMS 0x0000000715200000| PB 0x0000000715200000| Untracked |  0
| 122|0x0000000715400000, 0x0000000715400000, 0x0000000715600000|  0%| F|  |TAMS 0x0000000715400000| PB 0x0000000715400000| Untracked |  0
| 123|0x0000000715600000, 0x0000000715600000, 0x0000000715800000|  0%| F|  |TAMS 0x0000000715600000| PB 0x0000000715600000| Untracked |  0
| 124|0x0000000715800000, 0x0000000715800000, 0x0000000715a00000|  0%| F|  |TAMS 0x0000000715800000| PB 0x0000000715800000| Untracked |  0
| 125|0x0000000715a00000, 0x0000000715a00000, 0x0000000715c00000|  0%| F|  |TAMS 0x0000000715a00000| PB 0x0000000715a00000| Untracked |  0
| 126|0x0000000715c00000, 0x0000000715c00000, 0x0000000715e00000|  0%| F|  |TAMS 0x0000000715c00000| PB 0x0000000715c00000| Untracked |  0
| 127|0x0000000715e00000, 0x0000000715e00000, 0x0000000716000000|  0%| F|  |TAMS 0x0000000715e00000| PB 0x0000000715e00000| Untracked |  0
| 128|0x0000000716000000, 0x0000000716000000, 0x0000000716200000|  0%| F|  |TAMS 0x0000000716000000| PB 0x0000000716000000| Untracked |  0
| 129|0x0000000716200000, 0x0000000716200000, 0x0000000716400000|  0%| F|  |TAMS 0x0000000716200000| PB 0x0000000716200000| Untracked |  0
| 130|0x0000000716400000, 0x0000000716400000, 0x0000000716600000|  0%| F|  |TAMS 0x0000000716400000| PB 0x0000000716400000| Untracked |  0
| 131|0x0000000716600000, 0x0000000716600000, 0x0000000716800000|  0%| F|  |TAMS 0x0000000716600000| PB 0x0000000716600000| Untracked |  0
| 132|0x0000000716800000, 0x0000000716800000, 0x0000000716a00000|  0%| F|  |TAMS 0x0000000716800000| PB 0x0000000716800000| Untracked |  0
| 133|0x0000000716a00000, 0x0000000716a00000, 0x0000000716c00000|  0%| F|  |TAMS 0x0000000716a00000| PB 0x0000000716a00000| Untracked |  0
| 134|0x0000000716c00000, 0x0000000716c00000, 0x0000000716e00000|  0%| F|  |TAMS 0x0000000716c00000| PB 0x0000000716c00000| Untracked |  0
| 135|0x0000000716e00000, 0x0000000716e00000, 0x0000000717000000|  0%| F|  |TAMS 0x0000000716e00000| PB 0x0000000716e00000| Untracked |  0
| 136|0x0000000717000000, 0x0000000717000000, 0x0000000717200000|  0%| F|  |TAMS 0x0000000717000000| PB 0x0000000717000000| Untracked |  0
| 137|0x0000000717200000, 0x0000000717200000, 0x0000000717400000|  0%| F|  |TAMS 0x0000000717200000| PB 0x0000000717200000| Untracked |  0
| 138|0x0000000717400000, 0x0000000717400000, 0x0000000717600000|  0%| F|  |TAMS 0x0000000717400000| PB 0x0000000717400000| Untracked |  0
| 139|0x0000000717600000, 0x0000000717600000, 0x0000000717800000|  0%| F|  |TAMS 0x0000000717600000| PB 0x0000000717600000| Untracked |  0
| 140|0x0000000717800000, 0x00000007178760e0, 0x0000000717a00000| 23%| E|  |TAMS 0x0000000717800000| PB 0x0000000717800000| Complete |  0
| 141|0x0000000717a00000, 0x0000000717c00000, 0x0000000717c00000|100%| E|CS|TAMS 0x0000000717a00000| PB 0x0000000717a00000| Complete |  0
| 142|0x0000000717c00000, 0x0000000717e00000, 0x0000000717e00000|100%| E|CS|TAMS 0x0000000717c00000| PB 0x0000000717c00000| Complete |  0
| 143|0x0000000717e00000, 0x0000000718000000, 0x0000000718000000|100%| E|CS|TAMS 0x0000000717e00000| PB 0x0000000717e00000| Complete |  0
| 144|0x0000000718000000, 0x0000000718200000, 0x0000000718200000|100%| E|CS|TAMS 0x0000000718000000| PB 0x0000000718000000| Complete |  0
| 175|0x000000071be00000, 0x000000071c000000, 0x000000071c000000|100%| E|CS|TAMS 0x000000071be00000| PB 0x000000071be00000| Complete |  0
| 176|0x000000071c000000, 0x000000071c200000, 0x000000071c200000|100%| E|CS|TAMS 0x000000071c000000| PB 0x000000071c000000| Complete |  0
| 177|0x000000071c200000, 0x000000071c400000, 0x000000071c400000|100%| E|CS|TAMS 0x000000071c200000| PB 0x000000071c200000| Complete |  0
| 178|0x000000071c400000, 0x000000071c600000, 0x000000071c600000|100%| E|CS|TAMS 0x000000071c400000| PB 0x000000071c400000| Complete |  0
| 179|0x000000071c600000, 0x000000071c800000, 0x000000071c800000|100%| E|CS|TAMS 0x000000071c600000| PB 0x000000071c600000| Complete |  0
| 180|0x000000071c800000, 0x000000071ca00000, 0x000000071ca00000|100%| E|CS|TAMS 0x000000071c800000| PB 0x000000071c800000| Complete |  0
| 181|0x000000071ca00000, 0x000000071cc00000, 0x000000071cc00000|100%| E|CS|TAMS 0x000000071ca00000| PB 0x000000071ca00000| Complete |  0
| 182|0x000000071cc00000, 0x000000071ce00000, 0x000000071ce00000|100%| E|CS|TAMS 0x000000071cc00000| PB 0x000000071cc00000| Complete |  0
|1999|0x00000007ffe00000, 0x0000000800000000, 0x0000000800000000|100%| E|CS|TAMS 0x00000007ffe00000| PB 0x00000007ffe00000| Complete |  0

Card table byte_map: [0x000001bbf4d60000,0x000001bbf5530000] _byte_map_base: 0x000001bbf1530000

Marking Bits: (CMBitMap*) 0x000001bbdc6fbe20
 Bits: [0x000001bbf5530000, 0x000001bbf93b0000)

Polling page: 0x000001bbda460000

Metaspace:

Usage:
  Non-class:     65.65 MB used.
      Class:      8.47 MB used.
       Both:     74.12 MB used.

Virtual space:
  Non-class space:      128.00 MB reserved,      65.94 MB ( 52%) committed,  2 nodes.
      Class space:        1.00 GB reserved,       8.69 MB ( <1%) committed,  1 nodes.
             Both:        1.12 GB reserved,      74.62 MB (  6%) committed. 

Chunk freelists:
   Non-Class:  14.08 MB
       Class:  7.34 MB
        Both:  21.42 MB

MaxMetaspaceSize: unlimited
CompressedClassSpaceSize: 1.00 GB
Initial GC threshold: 21.00 MB
Current GC threshold: 110.25 MB
CDS: on
 - commit_granule_bytes: 65536.
 - commit_granule_words: 8192.
 - virtual_space_node_default_size: 8388608.
 - enlarge_chunks_in_place: 1.
UseCompressedClassPointers 1, UseCompactObjectHeaders 0
Narrow klass pointer bits 32, Max shift 3
Narrow klass base: 0x000001bb80000000, Narrow klass shift: 0
Encoding Range: [0x000001bb80000000 - 0x000001bc80000000), (4294967296 bytes)
Klass Range:    [0x000001bb80000000 - 0x000001bbc1000000), (1090519040 bytes)
Klass ID Range:  [8 - 1090519033) (1090519025)


Internal statistics:

num_allocs_failed_limit: 9.
num_arena_births: 748.
num_arena_deaths: 0.
num_vsnodes_births: 3.
num_vsnodes_deaths: 0.
num_space_committed: 1193.
num_space_uncommitted: 0.
num_chunks_returned_to_freelist: 9.
num_chunks_taken_from_freelist: 3434.
num_chunk_merges: 9.
num_chunk_splits: 2557.
num_chunks_enlarged: 2123.
num_inconsistent_stats: 0.

CodeHeap 'non-profiled nmethods': size=120064Kb used=3616Kb max_used=3616Kb free=116447Kb
 bounds [0x000001bbec9f0000, 0x000001bbecd80000, 0x000001bbf3f30000]
CodeHeap 'profiled nmethods': size=120000Kb used=10360Kb max_used=10360Kb free=109639Kb
 bounds [0x000001bbe4f30000, 0x000001bbe5950000, 0x000001bbec460000]
CodeHeap 'non-nmethods': size=5696Kb used=1559Kb max_used=1701Kb free=4136Kb
 bounds [0x000001bbec460000, 0x000001bbec6d0000, 0x000001bbec9f0000]
CodeCache: size=245760Kb, used=15535Kb, max_used=15677Kb, free=230222Kb
 total_blobs=7328, nmethods=6608, adapters=624, full_count=0
Compilation: enabled, stopped_count=0, restarted_count=0

Compilation events (20 events):
Event: 176.495 Thread 0x000001bbf95a4050 nmethod 7819 0x000001bbe5944088 code [0x000001bbe59441a0, 0x000001bbe5944378]
Event: 176.495 Thread 0x000001bbf95a4050 7813       3       sun.nio.ch.SelectionKeyImpl::ensureValid (16 bytes)
Event: 176.496 Thread 0x000001bbf95a4050 nmethod 7813 0x000001bbe5944408 code [0x000001bbe5944540, 0x000001bbe5944878]
Event: 176.496 Thread 0x000001bbf95a4050 7812       3       java.lang.invoke.VarHandleInts$FieldInstanceReadWrite::getAndSet (28 bytes)
Event: 176.500 Thread 0x000001bbf95a4050 nmethod 7812 0x000001bbe5944908 code [0x000001bbe5944a80, 0x000001bbe59450e8]
Event: 176.500 Thread 0x000001bbf95a4050 7835       1       org.apache.tomcat.util.net.SocketWrapperBase::getWriteTimeout (5 bytes)
Event: 176.500 Thread 0x000001bbf95a4050 nmethod 7835 0x000001bbecd77188 code [0x000001bbecd77280, 0x000001bbecd77350]
Event: 176.500 Thread 0x000001bbf95a4050 7831       1       com.mysql.cj.AbstractQuery::getQueryAttributesBindings (5 bytes)
Event: 176.501 Thread 0x000001bbf95a4050 nmethod 7831 0x000001bbecd77488 code [0x000001bbecd77580, 0x000001bbecd77648]
Event: 176.501 Thread 0x000001bbf95a4050 7832       1       com.mysql.cj.AbstractQuery::getCurrentDatabase (5 bytes)
Event: 176.501 Thread 0x000001bbf95a4050 nmethod 7832 0x000001bbecd77788 code [0x000001bbecd77880, 0x000001bbecd77948]
Event: 176.501 Thread 0x000001bbf95a4050 7833       1       sun.util.calendar.CalendarDate::getDayOfMonth (5 bytes)
Event: 176.501 Thread 0x000001bbf95a4050 nmethod 7833 0x000001bbecd77a88 code [0x000001bbecd77b80, 0x000001bbecd77c48]
Event: 176.502 Thread 0x000001bbf95a4050 7837       1       org.hibernate.query.spi.Limit::getFirstRow (5 bytes)
Event: 176.502 Thread 0x000001bbf95a4050 nmethod 7837 0x000001bbecd77d88 code [0x000001bbecd77e80, 0x000001bbecd77f48]
Event: 176.502 Thread 0x000001bbf95a4050 7838       3       org.hibernate.sql.ast.spi.FromClauseAccess::getTableGroup (31 bytes)
Event: 176.503 Thread 0x000001bbf95a4050 nmethod 7838 0x000001bbe5945188 code [0x000001bbe5945300, 0x000001bbe5945898]
Event: 176.503 Thread 0x000001bbf95a4050 7839       3       org.hibernate.sql.ast.tree.expression.ColumnReference::appendReadExpression (100 bytes)
Event: 176.505 Thread 0x000001bbf95a4050 nmethod 7839 0x000001bbe5945908 code [0x000001bbe5945ae0, 0x000001bbe5946398]
Event: 176.505 Thread 0x000001bbf95a4050 7841       3       org.hibernate.dialect.MySQLSqlAstTranslator::determineColumnReferenceQualifier (101 bytes)

GC Heap History (20 events):
Event: 7.255 GC heap before
{Heap before GC invocations=21 (full 0):
 garbage-first heap   total reserved 4096000K, committed 88064K, used 69843K [0x0000000706000000, 0x0000000800000000)
  region size 2048K, 16 young (32768K), 1 survivors (2048K)
 Metaspace       used 67188K, committed 67712K, reserved 1114112K
  class space    used 7576K, committed 7808K, reserved 1048576K
}
Event: 7.258 GC heap after
{Heap after GC invocations=22 (full 0):
 garbage-first heap   total reserved 4096000K, committed 88064K, used 41515K [0x0000000706000000, 0x0000000800000000)
  region size 2048K, 2 young (4096K), 2 survivors (4096K)
 Metaspace       used 67188K, committed 67712K, reserved 1114112K
  class space    used 7576K, committed 7808K, reserved 1048576K
}
Event: 7.300 GC heap before
{Heap before GC invocations=22 (full 0):
 garbage-first heap   total reserved 4096000K, committed 88064K, used 74283K [0x0000000706000000, 0x0000000800000000)
  region size 2048K, 18 young (36864K), 2 survivors (4096K)
 Metaspace       used 67190K, committed 67712K, reserved 1114112K
  class space    used 7577K, committed 7808K, reserved 1048576K
}
Event: 7.306 GC heap after
{Heap after GC invocations=23 (full 0):
 garbage-first heap   total reserved 4096000K, committed 88064K, used 42659K [0x0000000706000000, 0x0000000800000000)
  region size 2048K, 3 young (6144K), 3 survivors (6144K)
 Metaspace       used 67190K, committed 67712K, reserved 1114112K
  class space    used 7577K, committed 7808K, reserved 1048576K
}
Event: 7.339 GC heap before
{Heap before GC invocations=23 (full 0):
 garbage-first heap   total reserved 4096000K, committed 88064K, used 73379K [0x0000000706000000, 0x0000000800000000)
  region size 2048K, 18 young (36864K), 3 survivors (6144K)
 Metaspace       used 67190K, committed 67712K, reserved 1114112K
  class space    used 7577K, committed 7808K, reserved 1048576K
}
Event: 7.344 GC heap after
{Heap after GC invocations=24 (full 0):
 garbage-first heap   total reserved 4096000K, committed 184320K, used 44837K [0x0000000706000000, 0x0000000800000000)
  region size 2048K, 1 young (2048K), 1 survivors (2048K)
 Metaspace       used 67190K, committed 67712K, reserved 1114112K
  class space    used 7577K, committed 7808K, reserved 1048576K
}
Event: 7.507 GC heap before
{Heap before GC invocations=25 (full 0):
 garbage-first heap   total reserved 4096000K, committed 151552K, used 132901K [0x0000000706000000, 0x0000000800000000)
  region size 2048K, 44 young (90112K), 1 survivors (2048K)
 Metaspace       used 67265K, committed 67776K, reserved 1114112K
  class space    used 7602K, committed 7808K, reserved 1048576K
}
Event: 7.510 GC heap after
{Heap after GC invocations=26 (full 0):
 garbage-first heap   total reserved 4096000K, committed 151552K, used 45547K [0x0000000706000000, 0x0000000800000000)
  region size 2048K, 2 young (4096K), 2 survivors (4096K)
 Metaspace       used 67265K, committed 67776K, reserved 1114112K
  class space    used 7602K, committed 7808K, reserved 1048576K
}
Event: 7.584 GC heap before
{Heap before GC invocations=26 (full 0):
 garbage-first heap   total reserved 4096000K, committed 151552K, used 111083K [0x0000000706000000, 0x0000000800000000)
  region size 2048K, 34 young (69632K), 2 survivors (4096K)
 Metaspace       used 67275K, committed 67776K, reserved 1114112K
  class space    used 7602K, committed 7808K, reserved 1048576K
}
Event: 7.591 GC heap after
{Heap after GC invocations=27 (full 0):
 garbage-first heap   total reserved 4096000K, committed 151552K, used 53241K [0x0000000706000000, 0x0000000800000000)
  region size 2048K, 5 young (10240K), 5 survivors (10240K)
 Metaspace       used 67275K, committed 67776K, reserved 1114112K
  class space    used 7602K, committed 7808K, reserved 1048576K
}
Event: 7.661 GC heap before
{Heap before GC invocations=27 (full 0):
 garbage-first heap   total reserved 4096000K, committed 151552K, used 116729K [0x0000000706000000, 0x0000000800000000)
  region size 2048K, 36 young (73728K), 5 survivors (10240K)
 Metaspace       used 67275K, committed 67776K, reserved 1114112K
  class space    used 7602K, committed 7808K, reserved 1048576K
}
Event: 7.677 GC heap after
{Heap after GC invocations=28 (full 0):
 garbage-first heap   total reserved 4096000K, committed 151552K, used 73226K [0x0000000706000000, 0x0000000800000000)
  region size 2048K, 5 young (10240K), 5 survivors (10240K)
 Metaspace       used 67275K, committed 67776K, reserved 1114112K
  class space    used 7602K, committed 7808K, reserved 1048576K
}
Event: 7.742 GC heap before
{Heap before GC invocations=29 (full 0):
 garbage-first heap   total reserved 4096000K, committed 151552K, used 120330K [0x0000000706000000, 0x0000000800000000)
  region size 2048K, 28 young (57344K), 5 survivors (10240K)
 Metaspace       used 67280K, committed 67776K, reserved 1114112K
  class space    used 7602K, committed 7808K, reserved 1048576K
}
Event: 7.752 GC heap after
{Heap after GC invocations=30 (full 0):
 garbage-first heap   total reserved 4096000K, committed 151552K, used 80008K [0x0000000706000000, 0x0000000800000000)
  region size 2048K, 3 young (6144K), 3 survivors (6144K)
 Metaspace       used 67280K, committed 67776K, reserved 1114112K
  class space    used 7602K, committed 7808K, reserved 1048576K
}
Event: 7.794 GC heap before
{Heap before GC invocations=30 (full 0):
 garbage-first heap   total reserved 4096000K, committed 151552K, used 123016K [0x0000000706000000, 0x0000000800000000)
  region size 2048K, 24 young (49152K), 3 survivors (6144K)
 Metaspace       used 67280K, committed 67776K, reserved 1114112K
  class space    used 7602K, committed 7808K, reserved 1048576K
}
Event: 7.808 GC heap after
{Heap after GC invocations=31 (full 0):
 garbage-first heap   total reserved 4096000K, committed 151552K, used 96157K [0x0000000706000000, 0x0000000800000000)
  region size 2048K, 3 young (6144K), 3 survivors (6144K)
 Metaspace       used 67280K, committed 67776K, reserved 1114112K
  class space    used 7602K, committed 7808K, reserved 1048576K
}
Event: 7.845 GC heap before
{Heap before GC invocations=31 (full 0):
 garbage-first heap   total reserved 4096000K, committed 151552K, used 126877K [0x0000000706000000, 0x0000000800000000)
  region size 2048K, 18 young (36864K), 3 survivors (6144K)
 Metaspace       used 67281K, committed 67776K, reserved 1114112K
  class space    used 7602K, committed 7808K, reserved 1048576K
}
Event: 7.855 GC heap after
{Heap after GC invocations=32 (full 0):
 garbage-first heap   total reserved 4096000K, committed 376832K, used 105622K [0x0000000706000000, 0x0000000800000000)
  region size 2048K, 3 young (6144K), 3 survivors (6144K)
 Metaspace       used 67281K, committed 67776K, reserved 1114112K
  class space    used 7602K, committed 7808K, reserved 1048576K
}
Event: 56.647 GC heap before
{Heap before GC invocations=33 (full 0):
 garbage-first heap   total reserved 4096000K, committed 315392K, used 242838K [0x0000000706000000, 0x0000000800000000)
  region size 2048K, 76 young (155648K), 3 survivors (6144K)
 Metaspace       used 72256K, committed 72768K, reserved 1114112K
  class space    used 8213K, committed 8448K, reserved 1048576K
}
Event: 56.674 GC heap after
{Heap after GC invocations=34 (full 0):
 garbage-first heap   total reserved 4096000K, committed 315392K, used 133782K [0x0000000706000000, 0x0000000800000000)
  region size 2048K, 10 young (20480K), 10 survivors (20480K)
 Metaspace       used 72256K, committed 72768K, reserved 1114112K
  class space    used 8213K, committed 8448K, reserved 1048576K
}

Dll operation events (13 events):
Event: 0.023 Loaded shared library C:\Program Files\Java\jdk-24\bin\java.dll
Event: 0.050 Loaded shared library C:\Program Files\Java\jdk-24\bin\jsvml.dll
Event: 0.161 Loaded shared library C:\Program Files\Java\jdk-24\bin\zip.dll
Event: 0.164 Loaded shared library C:\Program Files\Java\jdk-24\bin\instrument.dll
Event: 0.167 Loaded shared library C:\Program Files\Java\jdk-24\bin\net.dll
Event: 0.169 Loaded shared library C:\Program Files\Java\jdk-24\bin\nio.dll
Event: 0.171 Loaded shared library C:\Program Files\Java\jdk-24\bin\zip.dll
Event: 0.283 Loaded shared library C:\Program Files\Java\jdk-24\bin\extnet.dll
Event: 0.312 Loaded shared library C:\Program Files\Java\jdk-24\bin\jimage.dll
Event: 1.636 Loaded shared library C:\Program Files\Java\jdk-24\bin\sunmscapi.dll
Event: 2.714 Loaded shared library C:\Program Files\Java\jdk-24\bin\management.dll
Event: 2.715 Loaded shared library C:\Program Files\Java\jdk-24\bin\management_ext.dll
Event: 3.611 Loaded shared library C:\Program Files\Java\jdk-24\bin\verify.dll

Deoptimization events (20 events):
Event: 56.835 Thread 0x000001bbc73b6990 Uncommon trap: trap_request=0xffffff4d fr.pc=0x000001bbecb5dee0 relative=0x00000000000001c0
Event: 56.835 Thread 0x000001bbc73b3db0 Uncommon trap: trap_request=0xffffff4d fr.pc=0x000001bbecb5dee0 relative=0x00000000000001c0
Event: 56.835 Thread 0x000001bbc73b6990 Uncommon trap: reason=unstable_if action=reinterpret pc=0x000001bbecb5dee0 method=java.lang.StringConcatHelper.newArrayWithSuffix(Ljava/lang/String;IB)[B @ 13 c2
Event: 56.835 Thread 0x000001bbc73b3db0 Uncommon trap: reason=unstable_if action=reinterpret pc=0x000001bbecb5dee0 method=java.lang.StringConcatHelper.newArrayWithSuffix(Ljava/lang/String;IB)[B @ 13 c2
Event: 56.835 Thread 0x000001bbc73b6990 DEOPT PACKING pc=0x000001bbecb5dee0 sp=0x0000008a025fd560
Event: 56.835 Thread 0x000001bbc73b3db0 DEOPT PACKING pc=0x000001bbecb5dee0 sp=0x0000008a024fd670
Event: 56.835 Thread 0x000001bbc73b3db0 DEOPT UNPACKING pc=0x000001bbec576382 sp=0x0000008a024fd638 mode 2
Event: 56.835 Thread 0x000001bbc73b6990 DEOPT UNPACKING pc=0x000001bbec576382 sp=0x0000008a025fd528 mode 2
Event: 56.884 Thread 0x000001bbc73b6990 Uncommon trap: trap_request=0xffffff4d fr.pc=0x000001bbecc66e0c relative=0x00000000000003ac
Event: 56.884 Thread 0x000001bbc73b6990 Uncommon trap: reason=unstable_if action=reinterpret pc=0x000001bbecc66e0c method=java.util.IdentityHashMap.maskNull(Ljava/lang/Object;)Ljava/lang/Object; @ 1 c2
Event: 56.884 Thread 0x000001bbc73b6990 DEOPT PACKING pc=0x000001bbecc66e0c sp=0x0000008a025fd3e0
Event: 56.884 Thread 0x000001bbc73b6990 DEOPT UNPACKING pc=0x000001bbec576382 sp=0x0000008a025fd330 mode 2
Event: 56.912 Thread 0x000001bbc73b5af0 Uncommon trap: trap_request=0xffffffde fr.pc=0x000001bbecbc24ec relative=0x000000000000112c
Event: 56.912 Thread 0x000001bbc73b5af0 Uncommon trap: reason=class_check action=maybe_recompile pc=0x000001bbecbc24ec method=org.springframework.core.annotation.AnnotatedElementUtils.getAnnotationAttributes(Lorg/springframework/core/annotation/MergedAnnotation;ZZ)Lorg/springframework/core/anno
Event: 56.912 Thread 0x000001bbc73b5af0 DEOPT PACKING pc=0x000001bbecbc24ec sp=0x0000008a026fcac0
Event: 56.912 Thread 0x000001bbc73b5af0 DEOPT UNPACKING pc=0x000001bbec576382 sp=0x0000008a026fca78 mode 2
Event: 56.938 Thread 0x000001bbc73b3db0 Uncommon trap: trap_request=0xffffff4d fr.pc=0x000001bbecca225c relative=0x000000000000043c
Event: 56.938 Thread 0x000001bbc73b3db0 Uncommon trap: reason=unstable_if action=reinterpret pc=0x000001bbecca225c method=jdk.internal.classfile.impl.StackMapGenerator$Frame.pushStack(Ljava/lang/constant/ClassDesc;)Ljdk/internal/classfile/impl/StackMapGenerator$Frame; @ 22 c2
Event: 56.938 Thread 0x000001bbc73b3db0 DEOPT PACKING pc=0x000001bbecca225c sp=0x0000008a024fc070
Event: 56.938 Thread 0x000001bbc73b3db0 DEOPT UNPACKING pc=0x000001bbec576382 sp=0x0000008a024fc018 mode 2

Classes loaded (20 events):
Event: 56.507 Loading class java/io/Reader$2
Event: 56.507 Loading class java/io/Reader$2 done
Event: 56.529 Loading class java/util/concurrent/locks/ReentrantReadWriteLock$Sync$HoldCounter
Event: 56.529 Loading class java/util/concurrent/locks/ReentrantReadWriteLock$Sync$HoldCounter done
Event: 56.530 Loading class java/security/SecurityPermission
Event: 56.530 Loading class java/security/SecurityPermission done
Event: 56.600 Loading class java/time/format/DateTimeFormatterBuilder$ZoneTextPrinterParser
Event: 56.600 Loading class java/time/format/DateTimeFormatterBuilder$ZoneTextPrinterParser done
Event: 56.601 Loading class java/time/format/DateTimeFormatterBuilder$ReducedPrinterParser
Event: 56.601 Loading class java/time/format/DateTimeFormatterBuilder$ReducedPrinterParser done
Event: 56.820 Loading class java/lang/classfile/CodeModel
Event: 56.820 Loading class java/lang/classfile/CodeModel done
Event: 56.895 Loading class java/util/stream/LongStream
Event: 56.896 Loading class java/util/stream/LongStream done
Event: 56.896 Loading class java/util/stream/DoubleStream
Event: 56.896 Loading class java/util/stream/DoubleStream done
Event: 56.918 Loading class org/w3c/dom/Node
Event: 56.919 Loading class org/w3c/dom/Node done
Event: 56.919 Loading class org/w3c/dom/Document
Event: 56.919 Loading class org/w3c/dom/Document done

Classes unloaded (0 events):
No events

Classes redefined (0 events):
No events

Internal exceptions (20 events):
Event: 8.632 Thread 0x000001bbdc693430 Exception <a 'java/lang/NoSuchMethodError'{0x000000071122fc80}: 'java.lang.Object java.lang.invoke.DirectMethodHandle$Holder.newInvokeSpecial(java.lang.Object, java.lang.Object, int, java.lang.Object, java.lang.Object)'> (0x000000071122fc80) 
thrown [s\open\src\hotspot\share\interpreter\linkResolver.cpp, line 805]
Event: 56.476 Thread 0x000001bbc62b29a0 Exception <a 'java/lang/NoSuchMethodError'{0x00000007109b7d10}: 'java.lang.Object java.lang.invoke.DirectMethodHandle$Holder.invokeStatic(java.lang.Object, java.lang.Object, java.lang.Object, int, int)'> (0x00000007109b7d10) 
thrown [s\open\src\hotspot\share\interpreter\linkResolver.cpp, line 805]
Event: 56.476 Thread 0x000001bbc62b29a0 Exception <a 'java/lang/NoSuchMethodError'{0x00000007109bfc60}: 'java.lang.Object java.lang.invoke.DirectMethodHandle$Holder.invokeStaticInit(java.lang.Object, java.lang.Object, java.lang.Object, int, int)'> (0x00000007109bfc60) 
thrown [s\open\src\hotspot\share\interpreter\linkResolver.cpp, line 805]
Event: 56.503 Thread 0x000001bbc73b0a80 Exception <a 'java/lang/NoSuchMethodError'{0x000000071101da30}: 'java.lang.Object java.lang.invoke.DirectMethodHandle$Holder.invokeSpecial(java.lang.Object, java.lang.Object, java.lang.Object, java.lang.Object, java.lang.Object, long)'> (0x000000071101da30) 
thrown [s\open\src\hotspot\share\interpreter\linkResolver.cpp, line 805]
Event: 56.503 Thread 0x000001bbc73b0a80 Exception <a 'java/lang/NoSuchMethodError'{0x00000007110262b0}: 'java.lang.Object java.lang.invoke.DirectMethodHandle$Holder.invokeSpecial(java.lang.Object, java.lang.Object, java.lang.Object, java.lang.Object, java.lang.Object, java.lang.Object, long)'> (0x00000007110262b0) 
thrown [s\open\src\hotspot\share\interpreter\linkResolver.cpp, line 805]
Event: 56.503 Thread 0x000001bbc73b0a80 Exception <a 'java/lang/NoSuchMethodError'{0x000000071102e618}: 'java.lang.Object java.lang.invoke.DelegatingMethodHandle$Holder.reinvoke_L(java.lang.Object, java.lang.Object, java.lang.Object, java.lang.Object, java.lang.Object, long)'> (0x000000071102e618) 
thrown [s\open\src\hotspot\share\interpreter\linkResolver.cpp, line 805]
Event: 56.503 Thread 0x000001bbc73b0a80 Exception <a 'java/lang/NoSuchMethodError'{0x000000071103e918}: 'java.lang.Object java.lang.invoke.Invokers$Holder.linkToTargetMethod(java.lang.Object, java.lang.Object, java.lang.Object, long, java.lang.Object)'> (0x000000071103e918) 
thrown [s\open\src\hotspot\share\interpreter\linkResolver.cpp, line 805]
Event: 56.724 Thread 0x000001bbc73b0a80 Exception <a 'java/lang/NoSuchMethodError'{0x000000071cab0b08}: 'java.lang.Object java.lang.invoke.DirectMethodHandle$Holder.invokeStatic(java.lang.Object, java.lang.Object, java.lang.Object, java.lang.Object, java.lang.Object, java.lang.Object, java.lang.Object, java.lang.Object, java.lang.Object, java.lang.Object, java.lang.Object)'> (0x000000071cab0b08) 
thrown [s\open\src\hotspot\share\interpreter\linkResolver.cpp, line 805]
Event: 56.724 Thread 0x000001bbc73b0330 Exception <a 'java/lang/NoSuchMethodError'{0x000000071cb7ee20}: 'java.lang.Object java.lang.invoke.DirectMethodHandle$Holder.invokeStatic(java.lang.Object, java.lang.Object, java.lang.Object, java.lang.Object, java.lang.Object, java.lang.Object, java.lang.Object, java.lang.Object, java.lang.Object, java.lang.Object, java.lang.Object)'> (0x000000071cb7ee20) 
thrown [s\open\src\hotspot\share\interpreter\linkResolver.cpp, line 805]
Event: 56.724 Thread 0x000001bbc73b2f10 Exception <a 'java/lang/NoSuchMethodError'{0x000000071cb31230}: 'java.lang.Object java.lang.invoke.DirectMethodHandle$Holder.invokeStatic(java.lang.Object, java.lang.Object, java.lang.Object, java.lang.Object, java.lang.Object, java.lang.Object, java.lang.Object, java.lang.Object, java.lang.Object, java.lang.Object, java.lang.Object)'> (0x000000071cb31230) 
thrown [s\open\src\hotspot\share\interpreter\linkResolver.cpp, line 805]
Event: 56.724 Thread 0x000001bbc73b3db0 Exception <a 'java/lang/NoSuchMethodError'{0x000000071cbe6530}: 'java.lang.Object java.lang.invoke.DirectMethodHandle$Holder.invokeStatic(java.lang.Object, java.lang.Object, java.lang.Object, java.lang.Object, java.lang.Object, java.lang.Object, java.lang.Object, java.lang.Object, java.lang.Object, java.lang.Object, java.lang.Object)'> (0x000000071cbe6530) 
thrown [s\open\src\hotspot\share\interpreter\linkResolver.cpp, line 805]
Event: 56.724 Thread 0x000001bbc73b6990 Exception <a 'java/lang/NoSuchMethodError'{0x000000071cd3eb28}: 'java.lang.Object java.lang.invoke.DirectMethodHandle$Holder.invokeStatic(java.lang.Object, java.lang.Object, java.lang.Object, java.lang.Object, java.lang.Object, java.lang.Object, java.lang.Object, java.lang.Object, java.lang.Object, java.lang.Object, java.lang.Object)'> (0x000000071cd3eb28) 
thrown [s\open\src\hotspot\share\interpreter\linkResolver.cpp, line 805]
Event: 56.727 Thread 0x000001bbc73b2f10 Exception <a 'java/lang/IncompatibleClassChangeError'{0x000000071cb4eba8}: Found class java.lang.Object, but interface was expected> (0x000000071cb4eba8) 
thrown [s\open\src\hotspot\share\interpreter\linkResolver.cpp, line 872]
Event: 56.727 Thread 0x000001bbc73b0330 Exception <a 'java/lang/IncompatibleClassChangeError'{0x000000071cb9c9d0}: Found class java.lang.Object, but interface was expected> (0x000000071cb9c9d0) 
thrown [s\open\src\hotspot\share\interpreter\linkResolver.cpp, line 872]
Event: 56.762 Thread 0x000001bbc73b3db0 Exception <a 'java/lang/NoSuchMethodError'{0x000000071c797580}: 'void java.lang.invoke.DirectMethodHandle$Holder.invokeSpecialIFC(java.lang.Object, java.lang.Object, int, java.lang.Object, java.lang.Object, java.lang.Object, java.lang.Object)'> (0x000000071c797580) 
thrown [s\open\src\hotspot\share\interpreter\linkResolver.cpp, line 805]
Event: 56.762 Thread 0x000001bbc73b6990 Exception <a 'java/lang/NoSuchMethodError'{0x000000071c7fe278}: 'void java.lang.invoke.DirectMethodHandle$Holder.invokeSpecialIFC(java.lang.Object, java.lang.Object, int, java.lang.Object, java.lang.Object, java.lang.Object, java.lang.Object)'> (0x000000071c7fe278) 
thrown [s\open\src\hotspot\share\interpreter\linkResolver.cpp, line 805]
Event: 56.884 Thread 0x000001bbc73b6990 Implicit null exception at 0x000001bbecc66a99 to 0x000001bbecc66df8
Event: 56.913 Thread 0x000001bbc73b5af0 Exception <a 'java/lang/NoSuchMethodError'{0x0000000718132b40}: 'long java.lang.invoke.DelegatingMethodHandle$Holder.reinvoke_L(java.lang.Object, java.lang.Object)'> (0x0000000718132b40) 
thrown [s\open\src\hotspot\share\interpreter\linkResolver.cpp, line 805]
Event: 56.938 Thread 0x000001bbc73b3db0 Exception <a 'java/lang/NoSuchMethodError'{0x0000000717e57db0}: 'double java.lang.invoke.DirectMethodHandle$Holder.invokeVirtual(java.lang.Object, java.lang.Object)'> (0x0000000717e57db0) 
thrown [s\open\src\hotspot\share\interpreter\linkResolver.cpp, line 805]
Event: 56.939 Thread 0x000001bbc73b3db0 Exception <a 'java/lang/NoSuchMethodError'{0x0000000717e68288}: 'double java.lang.invoke.DelegatingMethodHandle$Holder.reinvoke_L(java.lang.Object, java.lang.Object)'> (0x0000000717e68288) 
thrown [s\open\src\hotspot\share\interpreter\linkResolver.cpp, line 805]

VM Operations (20 events):
Event: 8.421 Executing VM operation: HandshakeAllThreads (Deoptimize)
Event: 8.421 Executing VM operation: HandshakeAllThreads (Deoptimize) done
Event: 56.521 Executing VM operation: HandshakeAllThreads (Deoptimize)
Event: 56.521 Executing VM operation: HandshakeAllThreads (Deoptimize) done
Event: 56.635 Executing VM operation: HandshakeAllThreads (Deoptimize)
Event: 56.635 Executing VM operation: HandshakeAllThreads (Deoptimize) done
Event: 56.647 Executing VM operation: G1CollectForAllocation (G1 Evacuation Pause)
Event: 56.674 Executing VM operation: G1CollectForAllocation (G1 Evacuation Pause) done
Event: 56.837 Executing VM operation: HandshakeAllThreads (Deoptimize)
Event: 56.837 Executing VM operation: HandshakeAllThreads (Deoptimize) done
Event: 56.903 Executing VM operation: HandshakeAllThreads (Deoptimize)
Event: 56.903 Executing VM operation: HandshakeAllThreads (Deoptimize) done
Event: 60.199 Executing VM operation: HandshakeAllThreads (HandshakeForDeflation)
Event: 60.199 Executing VM operation: HandshakeAllThreads (HandshakeForDeflation) done
Event: 60.199 Executing VM operation: RendezvousGCThreads
Event: 60.199 Executing VM operation: RendezvousGCThreads done
Event: 120.411 Executing VM operation: HandshakeAllThreads (HandshakeForDeflation)
Event: 120.413 Executing VM operation: HandshakeAllThreads (HandshakeForDeflation) done
Event: 120.413 Executing VM operation: RendezvousGCThreads
Event: 120.414 Executing VM operation: RendezvousGCThreads done

Memory protections (0 events):
No events

Nmethod flushes (20 events):
Event: 7.714 Thread 0x000001bbf9453560 flushing  nmethod 0x000001bbeccfc488
Event: 7.714 Thread 0x000001bbf9453560 flushing  nmethod 0x000001bbe4fff488
Event: 7.714 Thread 0x000001bbf9453560 flushing  nmethod 0x000001bbe5001d08
Event: 7.893 Thread 0x000001bbf9453560 flushing  nmethod 0x000001bbeccf6088
Event: 7.893 Thread 0x000001bbf9453560 flushing  nmethod 0x000001bbe4f46b88
Event: 7.893 Thread 0x000001bbf9453560 flushing  nmethod 0x000001bbe516f908
Event: 7.893 Thread 0x000001bbf9453560 flushing  nmethod 0x000001bbe5492508
Event: 7.893 Thread 0x000001bbf9453560 flushing  nmethod 0x000001bbe5034508
Event: 7.893 Thread 0x000001bbf9453560 flushing  nmethod 0x000001bbe5035108
Event: 7.893 Thread 0x000001bbf9453560 flushing  nmethod 0x000001bbe50d8a88
Event: 7.893 Thread 0x000001bbf9453560 flushing  nmethod 0x000001bbe520ee88
Event: 7.893 Thread 0x000001bbf9453560 flushing  nmethod 0x000001bbecb44188
Event: 7.893 Thread 0x000001bbf9453560 flushing  nmethod 0x000001bbe4f4a788
Event: 7.893 Thread 0x000001bbf9453560 flushing  nmethod 0x000001bbe51c7e08
Event: 7.893 Thread 0x000001bbf9453560 flushing  nmethod 0x000001bbe55fc988
Event: 7.893 Thread 0x000001bbf9453560 flushing  nmethod 0x000001bbecce6f08
Event: 7.893 Thread 0x000001bbf9453560 flushing  nmethod 0x000001bbe501ef88
Event: 7.893 Thread 0x000001bbf9453560 flushing  nmethod 0x000001bbe4f35888
Event: 7.893 Thread 0x000001bbf9453560 flushing  nmethod 0x000001bbe527cd08
Event: 7.893 Thread 0x000001bbf9453560 flushing  nmethod 0x000001bbe57ea288

Events (20 events):
Event: 8.649 Thread 0x000001bbdc693430 Thread added: 0x000001bbc73b6990
Event: 8.650 Thread 0x000001bbdc693430 Thread added: 0x000001bbc73b5af0
Event: 8.650 Thread 0x000001bbdc693430 Thread added: 0x000001bbc73b70e0
Event: 8.650 Thread 0x000001bbdc693430 Thread added: 0x000001bbc73b53a0
Event: 8.650 Thread 0x000001bbdc693430 Thread added: 0x000001bbc73b6240
Event: 8.650 Thread 0x000001bbdc693430 Thread added: 0x000001bbc73b4500
Event: 8.667 Thread 0x000001bbdc693430 Thread added: 0x000001bbc73b4c50
Event: 8.668 Thread 0x000001bbdc693430 Thread added: 0x000001bbc62b29a0
Event: 8.689 Thread 0x000001bbdc693430 Thread added: 0x000001bbcab45e70
Event: 8.697 Thread 0x000001bbdc693430 Thread exited: 0x000001bbdc693430
Event: 8.697 Thread 0x000001bbcab44130 Thread added: 0x000001bbcab44130
Event: 9.526 Thread 0x000001bbc73afbe0 Thread exited: 0x000001bbc73afbe0
Event: 13.728 Thread 0x000001bbc92bad00 Thread exited: 0x000001bbc92bad00
Event: 17.670 Thread 0x000001bbc810d020 Thread exited: 0x000001bbc810d020
Event: 56.619 Thread 0x000001bbf95a4050 Thread added: 0x000001bbc92bad00
Event: 56.631 Thread 0x000001bbf95a4050 Thread added: 0x000001bbc674f820
Event: 56.685 Thread 0x000001bbc73b0330 Thread added: 0x000001bbcab465c0
Event: 61.686 Thread 0x000001bbc674f820 Thread exited: 0x000001bbc674f820
Event: 61.686 Thread 0x000001bbc92bad00 Thread exited: 0x000001bbc92bad00
Event: 61.686 Thread 0x000001bbcab465c0 Thread exited: 0x000001bbcab465c0


Dynamic libraries:
0x00007ff727bd0000 - 0x00007ff727be0000 	C:\Program Files\Java\jdk-24\bin\java.exe
0x00007ffe9cdc0000 - 0x00007ffe9d028000 	C:\WINDOWS\SYSTEM32\ntdll.dll
0x00007ffe9c220000 - 0x00007ffe9c2e9000 	C:\WINDOWS\System32\KERNEL32.DLL
0x00007ffe9a1c0000 - 0x00007ffe9a5b2000 	C:\WINDOWS\System32\KERNELBASE.dll
0x00007ffe9aa40000 - 0x00007ffe9ab8b000 	C:\WINDOWS\System32\ucrtbase.dll
0x00007ffe7a7b0000 - 0x00007ffe7a7cb000 	C:\Program Files\Java\jdk-24\bin\VCRUNTIME140.dll
0x00007ffe78950000 - 0x00007ffe78966000 	C:\Program Files\Java\jdk-24\bin\jli.dll
0x00007ffe9b060000 - 0x00007ffe9b225000 	C:\WINDOWS\System32\USER32.dll
0x00007ffe9a0d0000 - 0x00007ffe9a0f7000 	C:\WINDOWS\System32\win32u.dll
0x00007ffe9cab0000 - 0x00007ffe9cadb000 	C:\WINDOWS\System32\GDI32.dll
0x00007ffe823c0000 - 0x00007ffe82653000 	C:\WINDOWS\WinSxS\amd64_microsoft.windows.common-controls_6595b64144ccf1df_6.0.26100.6899_none_3e0efeeae32e88c1\COMCTL32.dll
0x00007ffe9a730000 - 0x00007ffe9a85d000 	C:\WINDOWS\System32\gdi32full.dll
0x00007ffe9ab90000 - 0x00007ffe9ac39000 	C:\WINDOWS\System32\msvcrt.dll
0x00007ffe9a8f0000 - 0x00007ffe9a993000 	C:\WINDOWS\System32\msvcp_win.dll
0x00007ffe9c050000 - 0x00007ffe9c07f000 	C:\WINDOWS\System32\IMM32.DLL
0x00007ffe90c40000 - 0x00007ffe90c4c000 	C:\Program Files\Java\jdk-24\bin\vcruntime140_1.dll
0x00007ffe6ee20000 - 0x00007ffe6eeae000 	C:\Program Files\Java\jdk-24\bin\msvcp140.dll
0x00007ffe2c120000 - 0x00007ffe2cec1000 	C:\Program Files\Java\jdk-24\bin\server\jvm.dll
0x00007ffe9c300000 - 0x00007ffe9c3b4000 	C:\WINDOWS\System32\ADVAPI32.dll
0x00007ffe9c090000 - 0x00007ffe9c136000 	C:\WINDOWS\System32\sechost.dll
0x00007ffe9c7c0000 - 0x00007ffe9c8d8000 	C:\WINDOWS\System32\RPCRT4.dll
0x00007ffe9c930000 - 0x00007ffe9c9a4000 	C:\WINDOWS\System32\WS2_32.dll
0x00007ffe99dd0000 - 0x00007ffe99e2e000 	C:\WINDOWS\SYSTEM32\POWRPROF.dll
0x00007ffe83410000 - 0x00007ffe8341b000 	C:\WINDOWS\SYSTEM32\VERSION.dll
0x00007ffe8c690000 - 0x00007ffe8c6c5000 	C:\WINDOWS\SYSTEM32\WINMM.dll
0x00007ffe99db0000 - 0x00007ffe99dc4000 	C:\WINDOWS\SYSTEM32\UMPDC.dll
0x00007ffe98c40000 - 0x00007ffe98c5b000 	C:\WINDOWS\SYSTEM32\kernel.appcore.dll
0x00007ffe8ea00000 - 0x00007ffe8ea0a000 	C:\Program Files\Java\jdk-24\bin\jimage.dll
0x00007ffe97820000 - 0x00007ffe97a62000 	C:\WINDOWS\SYSTEM32\DBGHELP.DLL
0x00007ffe9ac40000 - 0x00007ffe9afbb000 	C:\WINDOWS\System32\combase.dll
0x00007ffe9c140000 - 0x00007ffe9c217000 	C:\WINDOWS\System32\OLEAUT32.dll
0x00007ffe7ccf0000 - 0x00007ffe7cd2c000 	C:\WINDOWS\SYSTEM32\dbgcore.DLL
0x00007ffe9a9a0000 - 0x00007ffe9aa38000 	C:\WINDOWS\System32\bcryptPrimitives.dll
0x00007ffe97b10000 - 0x00007ffe97b1f000 	C:\Program Files\Java\jdk-24\bin\instrument.dll
0x00007ffe6e850000 - 0x00007ffe6e86e000 	C:\Program Files\Java\jdk-24\bin\java.dll
0x00007ffe9c4c0000 - 0x00007ffe9c658000 	C:\WINDOWS\System32\ole32.dll
0x00007ffe9b410000 - 0x00007ffe9bb5d000 	C:\WINDOWS\System32\SHELL32.dll
0x00007ffe9a5c0000 - 0x00007ffe9a72b000 	C:\WINDOWS\System32\wintypes.dll
0x00007ffe97b60000 - 0x00007ffe983bd000 	C:\WINDOWS\SYSTEM32\windows.storage.dll
0x00007ffe9c9b0000 - 0x00007ffe9caa2000 	C:\WINDOWS\System32\SHCORE.dll
0x00007ffe9aff0000 - 0x00007ffe9b052000 	C:\WINDOWS\System32\shlwapi.dll
0x00007ffe99e70000 - 0x00007ffe99e99000 	C:\WINDOWS\SYSTEM32\profapi.dll
0x00007ffe6e770000 - 0x00007ffe6e847000 	C:\Program Files\Java\jdk-24\bin\jsvml.dll
0x00007ffe680f0000 - 0x00007ffe68107000 	C:\Program Files\Java\jdk-24\bin\zip.dll
0x00007ffe8e430000 - 0x00007ffe8e440000 	C:\Program Files\Java\jdk-24\bin\net.dll
0x00007ffe99230000 - 0x00007ffe9929b000 	C:\WINDOWS\system32\mswsock.dll
0x00007ffe6e750000 - 0x00007ffe6e766000 	C:\Program Files\Java\jdk-24\bin\nio.dll
0x00007ffe86420000 - 0x00007ffe86429000 	C:\Program Files\Java\jdk-24\bin\extnet.dll
0x00007ffe97470000 - 0x00007ffe9747e000 	C:\Program Files\Java\jdk-24\bin\sunmscapi.dll
0x00007ffe99f50000 - 0x00007ffe9a0c7000 	C:\WINDOWS\System32\CRYPT32.dll
0x00007ffe99760000 - 0x00007ffe99790000 	C:\WINDOWS\SYSTEM32\ncrypt.dll
0x00007ffe99710000 - 0x00007ffe9974f000 	C:\WINDOWS\SYSTEM32\NTASN1.dll
0x00007ffe99610000 - 0x00007ffe9962b000 	C:\WINDOWS\SYSTEM32\CRYPTSP.dll
0x00007ffe98c60000 - 0x00007ffe98c9b000 	C:\WINDOWS\system32\rsaenh.dll
0x00007ffe992d0000 - 0x00007ffe992fb000 	C:\WINDOWS\SYSTEM32\USERENV.dll
0x00007ffe99e40000 - 0x00007ffe99e66000 	C:\WINDOWS\SYSTEM32\bcrypt.dll
0x00007ffe99470000 - 0x00007ffe9947c000 	C:\WINDOWS\SYSTEM32\CRYPTBASE.dll
0x00007ffe98790000 - 0x00007ffe987c4000 	C:\WINDOWS\SYSTEM32\IPHLPAPI.DLL
0x00007ffe9c2f0000 - 0x00007ffe9c2fa000 	C:\WINDOWS\System32\NSI.dll
0x00007ffe97ac0000 - 0x00007ffe97aca000 	C:\Program Files\Java\jdk-24\bin\management.dll
0x00007ffe97ab0000 - 0x00007ffe97abb000 	C:\Program Files\Java\jdk-24\bin\management_ext.dll
0x00007ffe9c6f0000 - 0x00007ffe9c6f8000 	C:\WINDOWS\System32\PSAPI.DLL
0x00007ffe97520000 - 0x00007ffe97530000 	C:\Program Files\Java\jdk-24\bin\verify.dll
0x00007ffe98870000 - 0x00007ffe98996000 	C:\WINDOWS\SYSTEM32\DNSAPI.dll
0x00007ffe90010000 - 0x00007ffe9001b000 	C:\Windows\System32\rasadhlp.dll
0x00007ffe91040000 - 0x00007ffe910c6000 	C:\WINDOWS\System32\fwpuclnt.dll
0x00007ffe6dfd0000 - 0x00007ffe6dfd8000 	C:\WINDOWS\system32\wshunix.dll

JVMTI agents:
C:\Program Files\JetBrains\IntelliJ IDEA Community Edition 2025.2\lib\idea_rt.jar path:C:\Program Files\Java\jdk-24\bin\instrument.dll, loaded, initialized, instrumentlib options:63253

dbghelp: loaded successfully - version: 4.0.5 - missing functions: none
symbol engine: initialized successfully - sym options: 0x614 - pdb path: .;C:\Program Files\Java\jdk-24\bin;C:\WINDOWS\SYSTEM32;C:\WINDOWS\WinSxS\amd64_microsoft.windows.common-controls_6595b64144ccf1df_6.0.26100.6899_none_3e0efeeae32e88c1;C:\Program Files\Java\jdk-24\bin\server

VM Arguments:
jvm_args: -javaagent:C:\Program Files\JetBrains\IntelliJ IDEA Community Edition 2025.2\lib\idea_rt.jar=63253 -Dfile.encoding=UTF-8 -Dsun.stdout.encoding=UTF-8 -Dsun.stderr.encoding=UTF-8 
java_command: com.topcinnamon.MyFirstApplication
java_class_path (initial): C:\Users\ASUS\OneDrive - Sri Lanka Institute of Information Technology\Desktop\OOAD Project\Update01\topcinnamon\topcinnamon-backend\topcinnamon-backend\target\classes;C:\Users\ASUS\.m2\repository\org\springframework\boot\spring-boot-starter-data-jpa\3.5.6\spring-boot-starter-data-jpa-3.5.6.jar;C:\Users\ASUS\.m2\repository\org\springframework\boot\spring-boot-starter\3.5.6\spring-boot-starter-3.5.6.jar;C:\Users\ASUS\.m2\repository\org\springframework\boot\spring-boot\3.5.6\spring-boot-3.5.6.jar;C:\Users\ASUS\.m2\repository\org\springframework\boot\spring-boot-autoconfigure\3.5.6\spring-boot-autoconfigure-3.5.6.jar;C:\Users\ASUS\.m2\repository\org\springframework\boot\spring-boot-starter-logging\3.5.6\spring-boot-starter-logging-3.5.6.jar;C:\Users\ASUS\.m2\repository\ch\qos\logback\logback-classic\1.5.18\logback-classic-1.5.18.jar;C:\Users\ASUS\.m2\repository\ch\qos\logback\logback-core\1.5.18\logback-core-1.5.18.jar;C:\Users\ASUS\.m2\repository\org\apache\logging\log4j\log4j-to-slf4j\2.24.3\log4j-to-slf4j-2.24.3.jar;C:\Users\ASUS\.m2\repository\org\apache\logging\log4j\log4j-api\2.24.3\log4j-api-2.24.3.jar;C:\Users\ASUS\.m2\repository\org\slf4j\jul-to-slf4j\2.0.17\jul-to-slf4j-2.0.17.jar;C:\Users\ASUS\.m2\repository\jakarta\annotation\jakarta.annotation-api\2.1.1\jakarta.annotation-api-2.1.1.jar;C:\Users\ASUS\.m2\repository\org\yaml\snakeyaml\2.4\snakeyaml-2.4.jar;C:\Users\ASUS\.m2\repository\org\springframework\boot\spring-boot-starter-jdbc\3.5.6\spring-boot-starter-jdbc-3.5.6.jar;C:\Users\ASUS\.m2\repository\com\zaxxer\HikariCP\6.3.3\HikariCP-6.3.3.jar;C:\Users\ASUS\.m2\repository\org\springframework\spring-jdbc\6.2.11\spring-jdbc-6.2.11.jar;C:\Users\ASUS\.m2\repository\org\hibernate\orm\hibernate-core\6.6.29.Final\hibernate-core-6.6.29.Final.jar;C:\Users\ASUS\.m2\repository\jakarta\persistence\jakarta.persistence-api\3.1.0\jakarta.persistence-api-3.1.0.jar;C:\Users\ASUS\.m2\repository\jakarta\transaction\jakarta.transaction-api\2.0.1\jakarta.transaction-api-2.0.1.jar;C:\Users\ASUS\.m2\repository\org\jboss\logging\jboss-logging\3.6.1.Final\jboss-logging-3.6.1.Final.jar;C:\Users\ASUS\.m2\repository\org\hibernate\common\hibernate-commons-annotations\7.0.3.Final\hibernate-commons-annotations-7.0.3.Final.jar;C:\Users\ASUS\.m2\repository\io\smallrye\jandex\3.2.0\jandex-3.2.0.jar;C:\Users\ASUS\.m2\repository\com\fasterxml\classmate\1.7.0\classmate-1.7.0.jar;C:\Users\ASUS\.m2\repository\net\bytebuddy\byte-buddy\1.17.7\byte-buddy-1.17.7.jar;C:\Users\ASUS\.m2\repository\org\glassfish\jaxb\jaxb-runtime\4.0.5\jaxb-runtime-4.0.5.jar;C:\Users\ASUS\.m2\repository\org\glassfish\jaxb\jaxb-core\4.0.5\jaxb-core-4.0.5.jar;C:\Users\ASUS\.m2\repository\org\glassfish\jaxb\txw2\4.0.5\txw2-4.0.5.jar;C:\Users\ASUS\.m2\repository\com\sun\istack\istack-commons-runtime\4.1.2\istack-commons-runtime-4.1.2.jar;C:\Users\ASUS\.m2\repository\jakarta\inject\jakarta.inject-api\2.0.1\jakarta.inject-api-2.0.1.jar;C:\Users\ASUS\.m2\repository\org\antlr\antlr4-runtime\4.13.0\antlr4-runtime-4.13.0.jar;C:\Users\ASUS\.m2\repository\org\springframework\data\spring-data-jpa\3.5.4\spring-data-jpa-3.5.4.jar;C:\Users\ASUS\.m2\repository\org\springframework\data\spring-data-commons\3.5.4\spring-data-commons-3.5.4.jar;C:\Users\ASUS\.m2\repository\org\springframework\spring-orm\6.2.11\spring-orm-6.2.11.jar;C:\Users\ASUS\.m2\repository\org\springframework\spring-context\6.2.11\spring-context-6.2.11.jar;C:\Users\ASUS\.m2\repository\org\springframework\spring-aop\6.2.11\spring-aop-6.2.11.jar;C:\Users\ASUS\.m2\repository\org\springframework\spring-tx\6.2.11\spring-tx-6.2.11.jar;C:\Users\ASUS\.m2\repository\org\springframework\spring-beans\6.2.11\spring-beans-6.2.11.jar;C:\Users\ASUS\.m2\repository\org\slf4j\slf4j-api\2.0.17\slf4j-api-2.0.17.jar;C:\Users\ASUS\.m2\repository\org\springframework\spring-aspects\6.2.11\spring-aspects-6.2.11.jar;C:\Users\ASUS\.m2\repository\org\aspectj\aspectjweaver\1.9.24\aspectjweaver-1.9.24.jar;C:\Users\ASUS\.m2\repository\org\springframework\boot\spring-boot-starter-web\3.5.6\spring-boot-starter-web-3.5.6.jar;C:\Users\ASUS\.m2\repository\org\springframework\boot\spring-boot-starter-json\3.5.6\spring-boot-starter-json-3.5.6.jar;C:\Users\ASUS\.m2\repository\com\fasterxml\jackson\datatype\jackson-datatype-jdk8\2.19.2\jackson-datatype-jdk8-2.19.2.jar;C:\Users\ASUS\.m2\repository\com\fasterxml\jackson\module\jackson-module-parameter-names\2.19.2\jackson-module-parameter-names-2.19.2.jar;C:\Users\ASUS\.m2\repository\org\springframework\boot\spring-boot-starter-tomcat\3.5.6\spring-boot-starter-tomcat-3.5.6.jar;C:\Users\ASUS\.m2\repository\org\apache\tomcat\embed\tomcat-embed-core\10.1.46\tomcat-embed-core-10.1.46.jar;C:\Users\ASUS\.m2\repository\org\apache\tomcat\embed\tomcat-embed-websocket\10.1.46\tomcat-embed-websocket-10.1.46.jar;C:\Users\ASUS\.m2\repository\org\springframework\spring-web\6.2.11\spring-web-6.2.11.jar;C:\Users\ASUS\.m2\repository\io\micrometer\micrometer-observation\1.15.4\micrometer-observation-1.15.4.jar;C:\Users\ASUS\.m2\repository\io\micrometer\micrometer-commons\1.15.4\micrometer-commons-1.15.4.jar;C:\Users\ASUS\.m2\repository\org\springframework\spring-webmvc\6.2.11\spring-webmvc-6.2.11.jar;C:\Users\ASUS\.m2\repository\org\springframework\spring-expression\6.2.11\spring-expression-6.2.11.jar;C:\Users\ASUS\.m2\repository\org\springframework\boot\spring-boot-starter-validation\3.5.6\spring-boot-starter-validation-3.5.6.jar;C:\Users\ASUS\.m2\repository\org\apache\tomcat\embed\tomcat-embed-el\10.1.46\tomcat-embed-el-10.1.46.jar;C:\Users\ASUS\.m2\repository\org\hibernate\validator\hibernate-validator\8.0.3.Final\hibernate-validator-8.0.3.Final.jar;C:\Users\ASUS\.m2\repository\jakarta\validation\jakarta.validation-api\3.0.2\jakarta.validation-api-3.0.2.jar;C:\Users\ASUS\.m2\repository\com\mysql\mysql-connector-j\9.4.0\mysql-connector-j-9.4.0.jar;C:\Users\ASUS\.m2\repository\jakarta\xml\bind\jakarta.xml.bind-api\4.0.2\jakarta.xml.bind-api-4.0.2.jar;C:\Users\ASUS\.m2\repository\jakarta\activation\jakarta.activation-api\2.1.4\jakarta.activation-api-2.1.4.jar;C:\Users\ASUS\.m2\repository\org\springframework\spring-core\6.2.11\spring-core-6.2.11.jar;C:\Users\ASUS\.m2\repository\org\springframework\spring-jcl\6.2.11\spring-jcl-6.2.11.jar;C:\Users\ASUS\.m2\repository\org\springframework\boot\spring-boot-starter-mail\3.5.6\spring-boot-starter-mail-3.5.6.jar;C:\Users\ASUS\.m2\repository\org\springframework\spring-context-support\6.2.11\spring-context-support-6.2.11.jar;C:\Users\ASUS\.m2\repository\org\eclipse\angus\jakarta.mail\2.0.4\jakarta.mail-2.0.4.jar;C:\Users\ASUS\.m2\repository\org\eclipse\angus\angus-activation\2.0.2\angus-activation-2.0.2.jar;C:\Users\ASUS\.m2\repository\com\fasterxml\jackson\core\jackson-databind\2.19.2\jackson-databind-2.19.2.jar;C:\Users\ASUS\.m2\repository\com\fasterxml\jackson\core\jackson-annotations\2.19.2\jackson-annotations-2.19.2.jar;C:\Users\ASUS\.m2\repository\com\fasterxml\jackson\core\jackson-core\2.19.2\jackson-core-2.19.2.jar;C:\Users\ASUS\.m2\repository\com\fasterxml\jackson\datatype\jackson-datatype-jsr310\2.19.2\jackson-datatype-jsr310-2.19.2.jar
Launcher Type: SUN_STANDARD

[Global flags]
     intx CICompilerCount                          = 4                                         {product} {ergonomic}
     uint ConcGCThreads                            = 3                                         {product} {ergonomic}
     uint G1ConcRefinementThreads                  = 10                                        {product} {ergonomic}
   size_t G1HeapRegionSize                         = 2097152                                   {product} {ergonomic}
   size_t InitialHeapSize                          = 262144000                                 {product} {ergonomic}
   size_t MarkStackSize                            = 4194304                                   {product} {ergonomic}
   size_t MarkStackSizeMax                         = 536870912                                 {product} {ergonomic}
   size_t MaxHeapSize                              = 4194304000                                {product} {ergonomic}
   size_t MaxNewSize                               = 2516582400                                {product} {ergonomic}
   size_t MinHeapDeltaBytes                        = 2097152                                   {product} {ergonomic}
   size_t MinHeapSize                              = 8388608                                   {product} {ergonomic}
    uintx NonNMethodCodeHeapSize                   = 5832704                                {pd product} {ergonomic}
    uintx NonProfiledCodeHeapSize                  = 122945536                              {pd product} {ergonomic}
    uintx ProfiledCodeHeapSize                     = 122880000                              {pd product} {ergonomic}
    uintx ReservedCodeCacheSize                    = 251658240                              {pd product} {ergonomic}
     bool SegmentedCodeCache                       = true                                      {product} {ergonomic}
   size_t SoftMaxHeapSize                          = 4194304000                             {manageable} {ergonomic}
     bool UseCompressedOops                        = true                           {product lp64_product} {ergonomic}
     bool UseG1GC                                  = true                                      {product} {ergonomic}
     bool UseLargePagesIndividualAllocation        = false                                  {pd product} {ergonomic}

Logging:
Log output configuration:
 #0: stdout all=warning uptime,level,tags foldmultilines=false
 #1: stderr all=off uptime,level,tags foldmultilines=false

Environment Variables:
JAVA_HOME=C:\Program Files\Java\jdk-24
PATH=C:\Users\ASUS\Downloads\apache-maven-3.9.11-bin (1)\apache-maven-3.9.11\bin;C:\Program Files\Java\jdk-24\bin;C:\Program Files (x86)\Common Files\Oracle\Java\java8path;C:\Program Files (x86)\Common Files\Oracle\Java\javapath;C:\WINDOWS\system32;C:\WINDOWS;C:\WINDOWS\System32\Wbem;C:\WINDOWS\System32\WindowsPowerShell\v1.0\;C:\WINDOWS\System32\OpenSSH\;C:\Program Files\Git\cmd;C:\Program Files\MySQL\MySQL Server 8.0\bin;C:\Users\ASUS\Downloads\apache-maven-3.9.11-bin;C:\Program Files\nodejs\;c:\Users\ASUS\AppData\Local\Programs\cursor\resources\app\codeBin;C:\Program Files\MySQL\MySQL Shell 8.0\bin\;C:\Users\ASUS\AppData\Local\Microsoft\WindowsApps;C:\Users\ASUS\AppData\Local\Programs\Microsoft VS Code\bin;C:\Users\ASUS\AppData\Local\GitHubDesktop\bin;C:\msys64\ucrt64\bin;C:\Users\ASUS\AppData\Local\Programs\cursor\resources\app\bin;C:\Users\ASUS\AppData\Roaming\npm
USERNAME=ASUS
OS=Windows_NT
PROCESSOR_IDENTIFIER=Intel64 Family 6 Model 186 Stepping 3, GenuineIntel
TMP=C:\Users\ASUS\AppData\Local\Temp
TEMP=C:\Users\ASUS\AppData\Local\Temp




Periodic native trim disabled

---------------  S Y S T E M  ---------------

OS:
 Windows 11 , 64 bit Build 26100 (10.0.26100.6725)
OS uptime: 8 days 1:06 hours
Hyper-V role detected

CPU: total 12 (initial active 12) (6 cores per cpu, 2 threads per core) family 6 model 186 stepping 3 microcode 0x410e, cx8, cmov, fxsr, ht, mmx, 3dnowpref, sse, sse2, sse3, ssse3, sse4.1, sse4.2, popcnt, lzcnt, tsc, tscinvbit, avx, avx2, aes, erms, clmul, bmi1, bmi2, adx, sha, fma, vzeroupper, clflush, clflushopt, clwb, hv, serialize, rdtscp, rdpid, fsrm, gfni, f16c, cet_ibt, cet_ss
Processor Information for processor 0
  Max Mhz: 1300, Current Mhz: 1300, Mhz Limit: 1300
Processor Information for processor 1
  Max Mhz: 1300, Current Mhz: 1300, Mhz Limit: 1300
Processor Information for processor 2
  Max Mhz: 1300, Current Mhz: 1300, Mhz Limit: 1300
Processor Information for processor 3
  Max Mhz: 1300, Current Mhz: 1300, Mhz Limit: 1300
Processor Information for processor 4
  Max Mhz: 1300, Current Mhz: 900, Mhz Limit: 897
Processor Information for processor 5
  Max Mhz: 1300, Current Mhz: 900, Mhz Limit: 897
Processor Information for processor 6
  Max Mhz: 1300, Current Mhz: 900, Mhz Limit: 897
Processor Information for processor 7
  Max Mhz: 1300, Current Mhz: 900, Mhz Limit: 897
Processor Information for processor 8
  Max Mhz: 1300, Current Mhz: 900, Mhz Limit: 897
Processor Information for processor 9
  Max Mhz: 1300, Current Mhz: 900, Mhz Limit: 897
Processor Information for processor 10
  Max Mhz: 1300, Current Mhz: 900, Mhz Limit: 897
Processor Information for processor 11
  Max Mhz: 1300, Current Mhz: 900, Mhz Limit: 897

Memory: 4k page, system-wide physical 15997M (1218M free)
TotalPageFile size 54409M (AvailPageFile size 0M)
current process WorkingSet (physical memory assigned to process): 69M, peak: 522M
current process commit charge ("private bytes"): 526M, peak: 612M

vm_info: Java HotSpot(TM) 64-Bit Server VM (24.0.2+12-54) for windows-amd64 JRE (24.0.2+12-54), built on 2025-07-08T12:10:27Z with MS VC++ 17.6 (VS2022)

END.
